0 verbose cli F:\Node js\node.exe C:\Users\prane\AppData\Roaming\npm\node_modules\npm\bin\npm-cli.js
1 info using npm@11.14.1
2 info using node@v20.19.4
3 silly config load:file:C:\Users\prane\AppData\Roaming\npm\node_modules\npm\npmrc
4 silly config load:file:D:\APPLICATION-JPS\.npmrc
5 silly config load:file:C:\Users\prane\.npmrc
6 silly config load:file:C:\Users\prane\AppData\Roaming\npm\etc\npmrc
7 verbose title npm exec create-next-app@latest jps-fabrics --typescript --tailwind --eslint --app --src-dir --import-alias @/* --use-npm
8 verbose argv "exec" "--yes" "--" "create-next-app@latest" "jps-fabrics" "--typescript" "--tailwind" "--eslint" "--app" "--src-dir" "--import-alias" "@/*" "--use-npm"
9 verbose logfile logs-max:10 dir:d:\APPLICATION-JPS\.npm-cache\_logs\2026-08-05T16_48_36_417Z-
10 verbose logfile d:\APPLICATION-JPS\.npm-cache\_logs\2026-08-05T16_48_36_417Z-debug-0.log
11 silly logfile done cleaning log files
12 silly packumentCache heap:2197815296 maxSize:549453824 maxEntrySize:274726912
13 http fetch GET 200 https://registry.npmjs.org/create-next-app 431ms (cache revalidated)
14 silly packumentCache heap:2197815296 maxSize:549453824 maxEntrySize:274726912
15 silly packumentCache heap:2197815296 maxSize:549453824 maxEntrySize:274726912
16 verbose cwd D:\APPLICATION-JPS
17 verbose os Windows_NT 10.0.26200
18 verbose node v20.19.4
19 verbose npm  v11.14.1
20 verbose exit 0
21 info ok
