0 verbose cli F:\Node js\node.exe C:\Users\prane\AppData\Roaming\npm\node_modules\npm\bin\npm-cli.js
1 info using npm@11.14.1
2 info using node@v20.19.4
3 silly config load:file:C:\Users\prane\AppData\Roaming\npm\node_modules\npm\npmrc
4 silly config load:file:D:\APPLICATION-JPS\.npmrc
5 silly config load:file:C:\Users\prane\.npmrc
6 silly config load:file:C:\Users\prane\AppData\Roaming\npm\etc\npmrc
7 verbose title npm install framer-motion gsap lenis three @react-three/fiber swiper lucide-react clsx tailwind-merge
8 verbose argv "install" "framer-motion" "gsap" "lenis" "three" "@react-three/fiber" "swiper" "lucide-react" "clsx" "tailwind-merge"
9 verbose logfile logs-max:10 dir:d:\APPLICATION-JPS\.npm-cache\_logs\2026-08-05T16_52_16_297Z-
10 verbose logfile d:\APPLICATION-JPS\.npm-cache\_logs\2026-08-05T16_52_16_297Z-debug-0.log
11 silly logfile done cleaning log files
12 silly packumentCache heap:2197815296 maxSize:549453824 maxEntrySize:274726912
13 silly idealTree buildDeps
14 silly fetch manifest framer-motion@*
15 silly packumentCache full:https://registry.npmjs.org/framer-motion cache-miss
16 http fetch GET 200 https://registry.npmjs.org/framer-motion 1671ms (cache miss)
17 silly packumentCache full:https://registry.npmjs.org/framer-motion set size:undefined disposed:false
18 silly fetch manifest react@19.2.8
19 silly packumentCache full:https://registry.npmjs.org/react cache-miss
20 http cache https://registry.npmjs.org/react 37ms (cache hit)
21 silly packumentCache full:https://registry.npmjs.org/react set size:6866351 disposed:false
22 silly fetch manifest react-dom@19.2.8
23 silly packumentCache full:https://registry.npmjs.org/react-dom cache-miss
24 http cache https://registry.npmjs.org/react-dom 38ms (cache hit)
25 silly packumentCache full:https://registry.npmjs.org/react-dom set size:9221722 disposed:false
26 silly fetch manifest gsap@*
27 silly packumentCache full:https://registry.npmjs.org/gsap cache-miss
28 http fetch GET 200 https://registry.npmjs.org/gsap 185ms (cache miss)
29 silly packumentCache full:https://registry.npmjs.org/gsap set size:undefined disposed:false
30 silly fetch manifest lenis@*
31 silly packumentCache full:https://registry.npmjs.org/lenis cache-miss
32 http fetch GET 200 https://registry.npmjs.org/lenis 102ms (cache miss)
33 silly packumentCache full:https://registry.npmjs.org/lenis set size:undefined disposed:false
34 silly fetch manifest @nuxt/kit@>=3.0.0
35 silly packumentCache full:https://registry.npmjs.org/@nuxt%2fkit cache-miss
36 http fetch GET 200 https://registry.npmjs.org/@nuxt%2fkit 798ms (cache miss)
37 silly packumentCache full:https://registry.npmjs.org/@nuxt%2fkit set size:undefined disposed:false
38 silly fetch manifest vue@>=3.0.0
39 silly packumentCache full:https://registry.npmjs.org/vue cache-miss
40 http fetch GET 200 https://registry.npmjs.org/vue 346ms (cache miss)
41 silly packumentCache full:https://registry.npmjs.org/vue set size:undefined disposed:false
42 silly fetch manifest typescript@^5
43 silly packumentCache full:https://registry.npmjs.org/typescript cache-miss
44 http cache https://registry.npmjs.org/typescript 54ms (cache hit)
45 silly packumentCache full:https://registry.npmjs.org/typescript set size:15518138 disposed:false
46 silly fetch manifest three@*
47 silly packumentCache full:https://registry.npmjs.org/three cache-miss
48 http fetch GET 200 https://registry.npmjs.org/three 207ms (cache miss)
49 silly packumentCache full:https://registry.npmjs.org/three set size:undefined disposed:false
50 silly fetch manifest @react-three/fiber@*
51 silly packumentCache full:https://registry.npmjs.org/@react-three%2ffiber cache-miss
52 http fetch GET 200 https://registry.npmjs.org/@react-three%2ffiber 881ms (cache miss)
53 silly packumentCache full:https://registry.npmjs.org/@react-three%2ffiber set size:undefined disposed:false
54 silly fetch manifest expo@>=43.0
55 silly packumentCache full:https://registry.npmjs.org/expo cache-miss
56 http fetch GET 200 https://registry.npmjs.org/expo 644ms (cache miss)
57 silly packumentCache full:https://registry.npmjs.org/expo set size:undefined disposed:false
58 silly fetch manifest @expo/metro-runtime@*
59 silly packumentCache full:https://registry.npmjs.org/@expo%2fmetro-runtime cache-miss
60 http fetch GET 200 https://registry.npmjs.org/@expo%2fmetro-runtime 783ms (cache miss)
61 silly packumentCache full:https://registry.npmjs.org/@expo%2fmetro-runtime set size:undefined disposed:false
62 silly fetch manifest react-native@*
63 silly packumentCache full:https://registry.npmjs.org/react-native cache-miss
64 http fetch GET 200 https://registry.npmjs.org/react-native 995ms (cache miss)
65 silly packumentCache full:https://registry.npmjs.org/react-native set size:undefined disposed:false
66 silly fetch manifest @react-native/jest-preset@0.86.2
67 silly packumentCache full:https://registry.npmjs.org/@react-native%2fjest-preset cache-miss
68 http fetch GET 200 https://registry.npmjs.org/@react-native%2fjest-preset 1212ms (cache miss)
69 silly packumentCache full:https://registry.npmjs.org/@react-native%2fjest-preset set size:undefined disposed:false
70 silly fetch manifest @types/react@^19
71 silly packumentCache full:https://registry.npmjs.org/@types%2freact cache-miss
72 http cache https://registry.npmjs.org/@types%2freact 16ms (cache hit)
73 silly packumentCache full:https://registry.npmjs.org/@types%2freact set size:2637439 disposed:false
74 silly fetch manifest react-native-web@*
75 silly packumentCache full:https://registry.npmjs.org/react-native-web cache-miss
76 http fetch GET 200 https://registry.npmjs.org/react-native-web 1652ms (cache miss)
77 silly packumentCache full:https://registry.npmjs.org/react-native-web set size:undefined disposed:false
78 silly fetch manifest react-native-webview@*
79 silly packumentCache full:https://registry.npmjs.org/react-native-webview cache-miss
80 http fetch GET 200 https://registry.npmjs.org/react-native-webview 510ms (cache miss)
81 silly packumentCache full:https://registry.npmjs.org/react-native-webview set size:undefined disposed:false
82 silly fetch manifest expo-asset@>=8.4
83 silly packumentCache full:https://registry.npmjs.org/expo-asset cache-miss
84 http fetch GET 200 https://registry.npmjs.org/expo-asset 162ms (cache miss)
85 silly packumentCache full:https://registry.npmjs.org/expo-asset set size:undefined disposed:false
86 silly fetch manifest expo-file-system@>=11.0
87 silly packumentCache full:https://registry.npmjs.org/expo-file-system cache-miss
88 http fetch GET 200 https://registry.npmjs.org/expo-file-system 177ms (cache miss)
89 silly packumentCache full:https://registry.npmjs.org/expo-file-system set size:undefined disposed:false
90 silly fetch manifest expo-gl@>=11.0
91 silly packumentCache full:https://registry.npmjs.org/expo-gl cache-miss
92 http fetch GET 200 https://registry.npmjs.org/expo-gl 349ms (cache miss)
93 silly packumentCache full:https://registry.npmjs.org/expo-gl set size:undefined disposed:false
94 silly fetch manifest react-native-reanimated@*
95 silly packumentCache full:https://registry.npmjs.org/react-native-reanimated cache-miss
96 http fetch GET 200 https://registry.npmjs.org/react-native-reanimated 758ms (cache miss)
97 silly packumentCache full:https://registry.npmjs.org/react-native-reanimated set size:undefined disposed:false
98 silly fetch manifest react-native-worklets@0.10.x - 0.11.x
99 silly packumentCache full:https://registry.npmjs.org/react-native-worklets cache-miss
100 http fetch GET 200 https://registry.npmjs.org/react-native-worklets 218ms (cache miss)
101 silly packumentCache full:https://registry.npmjs.org/react-native-worklets set size:undefined disposed:false
102 silly fetch manifest @babel/core@*
103 silly packumentCache full:https://registry.npmjs.org/@babel%2fcore cache-miss
104 http cache https://registry.npmjs.org/@babel%2fcore 12ms (cache hit)
105 silly packumentCache full:https://registry.npmjs.org/@babel%2fcore set size:788273 disposed:false
106 silly fetch manifest @react-native/metro-config@*
107 silly packumentCache full:https://registry.npmjs.org/@react-native%2fmetro-config cache-miss
108 http fetch GET 200 https://registry.npmjs.org/@react-native%2fmetro-config 521ms (cache miss)
109 silly packumentCache full:https://registry.npmjs.org/@react-native%2fmetro-config set size:undefined disposed:false
110 silly fetch manifest swiper@*
111 silly packumentCache full:https://registry.npmjs.org/swiper cache-miss
112 http fetch GET 200 https://registry.npmjs.org/swiper 279ms (cache miss)
113 silly packumentCache full:https://registry.npmjs.org/swiper set size:undefined disposed:false
114 silly fetch manifest lucide-react@*
115 silly packumentCache full:https://registry.npmjs.org/lucide-react cache-miss
116 http fetch GET 200 https://registry.npmjs.org/lucide-react 384ms (cache miss)
117 silly packumentCache full:https://registry.npmjs.org/lucide-react set size:undefined disposed:false
118 silly fetch manifest clsx@*
119 silly packumentCache full:https://registry.npmjs.org/clsx cache-miss
120 http fetch GET 200 https://registry.npmjs.org/clsx 80ms (cache miss)
121 silly packumentCache full:https://registry.npmjs.org/clsx set size:undefined disposed:false
122 silly fetch manifest tailwind-merge@*
123 silly packumentCache full:https://registry.npmjs.org/tailwind-merge cache-miss
124 http fetch GET 200 https://registry.npmjs.org/tailwind-merge 233ms (cache miss)
125 silly packumentCache full:https://registry.npmjs.org/tailwind-merge set size:undefined disposed:false
126 silly placeDep ROOT @react-three/fiber@9.7.0 OK for: jps-fabrics@0.1.0 want: *
127 silly placeDep ROOT three@0.185.1 OK for: @react-three/fiber@9.7.0 want: >=0.156
128 silly placeDep ROOT clsx@2.1.1 OK for: jps-fabrics@0.1.0 want: *
129 silly placeDep ROOT framer-motion@13.0.0 OK for: jps-fabrics@0.1.0 want: *
130 silly placeDep ROOT gsap@3.15.0 OK for: jps-fabrics@0.1.0 want: *
131 silly placeDep ROOT lenis@1.3.26 OK for: jps-fabrics@0.1.0 want: *
132 silly placeDep ROOT lucide-react@1.28.0 OK for: jps-fabrics@0.1.0 want: *
133 silly placeDep ROOT swiper@14.0.7 OK for: jps-fabrics@0.1.0 want: *
134 silly placeDep ROOT tailwind-merge@3.6.0 OK for: jps-fabrics@0.1.0 want: *
135 silly placeDep ROOT three@0.185.1 REPLACE for: jps-fabrics@0.1.0 want: *
136 silly fetch manifest buffer@^6.0.3
137 silly packumentCache full:https://registry.npmjs.org/buffer cache-miss
138 silly fetch manifest zustand@^5.0.3
139 silly packumentCache full:https://registry.npmjs.org/zustand cache-miss
140 silly fetch manifest its-fine@^2.0.0
141 silly packumentCache full:https://registry.npmjs.org/its-fine cache-miss
142 silly fetch manifest base64-js@^1.5.1
143 silly packumentCache full:https://registry.npmjs.org/base64-js cache-miss
144 silly fetch manifest @types/webxr@*
145 silly packumentCache full:https://registry.npmjs.org/@types%2fwebxr cache-miss
146 silly fetch manifest suspend-react@^0.1.3
147 silly packumentCache full:https://registry.npmjs.org/suspend-react cache-miss
148 silly fetch manifest @babel/runtime@^7.17.8
149 silly packumentCache full:https://registry.npmjs.org/@babel%2fruntime cache-miss
150 silly fetch manifest react-use-measure@^2.1.7
151 silly packumentCache full:https://registry.npmjs.org/react-use-measure cache-miss
152 silly fetch manifest use-sync-external-store@^1.4.0
153 silly packumentCache full:https://registry.npmjs.org/use-sync-external-store cache-miss
154 silly fetch manifest motion-dom@^13.0.0
155 silly packumentCache full:https://registry.npmjs.org/motion-dom cache-miss
156 silly fetch manifest motion-utils@^13.0.0
157 silly packumentCache full:https://registry.npmjs.org/motion-utils cache-miss
158 http fetch GET 200 https://registry.npmjs.org/buffer 153ms (cache miss)
159 silly packumentCache full:https://registry.npmjs.org/buffer set size:undefined disposed:false
160 http fetch GET 200 https://registry.npmjs.org/base64-js 390ms (cache miss)
161 silly packumentCache full:https://registry.npmjs.org/base64-js set size:undefined disposed:false
162 http fetch GET 200 https://registry.npmjs.org/motion-utils 380ms (cache miss)
163 silly packumentCache full:https://registry.npmjs.org/motion-utils set size:undefined disposed:false
164 http fetch GET 200 https://registry.npmjs.org/motion-dom 396ms (cache miss)
165 silly packumentCache full:https://registry.npmjs.org/motion-dom set size:undefined disposed:false
166 http fetch GET 200 https://registry.npmjs.org/zustand 440ms (cache miss)
167 silly packumentCache full:https://registry.npmjs.org/zustand set size:undefined disposed:false
168 http fetch GET 200 https://registry.npmjs.org/@babel%2fruntime 517ms (cache miss)
169 silly packumentCache full:https://registry.npmjs.org/@babel%2fruntime set size:undefined disposed:false
170 http fetch GET 200 https://registry.npmjs.org/suspend-react 671ms (cache miss)
171 silly packumentCache full:https://registry.npmjs.org/suspend-react set size:undefined disposed:false
172 http fetch GET 200 https://registry.npmjs.org/react-use-measure 669ms (cache miss)
173 silly packumentCache full:https://registry.npmjs.org/react-use-measure set size:undefined disposed:false
174 http fetch GET 200 https://registry.npmjs.org/its-fine 687ms (cache miss)
175 silly packumentCache full:https://registry.npmjs.org/its-fine set size:undefined disposed:false
176 http fetch GET 200 https://registry.npmjs.org/@types%2fwebxr 900ms (cache miss)
177 silly packumentCache full:https://registry.npmjs.org/@types%2fwebxr set size:undefined disposed:false
178 http fetch GET 200 https://registry.npmjs.org/use-sync-external-store 956ms (cache miss)
179 silly packumentCache full:https://registry.npmjs.org/use-sync-external-store set size:undefined disposed:false
180 silly fetch manifest @types/react@>=18.0.0
181 silly packumentCache full:https://registry.npmjs.org/@types%2freact cache-miss
182 http cache https://registry.npmjs.org/@types%2freact 30ms (cache hit)
183 silly packumentCache full:https://registry.npmjs.org/@types%2freact set size:2637439 disposed:false
184 silly fetch manifest immer@>=9.0.6
185 silly packumentCache full:https://registry.npmjs.org/immer cache-miss
186 http fetch GET 200 https://registry.npmjs.org/immer 242ms (cache miss)
187 silly packumentCache full:https://registry.npmjs.org/immer set size:undefined disposed:false
188 silly fetch manifest react@>=19 <19.3
189 silly packumentCache full:https://registry.npmjs.org/react cache-miss
190 http cache https://registry.npmjs.org/react 28ms (cache hit)
191 silly packumentCache full:https://registry.npmjs.org/react set size:6866351 disposed:false
192 silly fetch manifest react-dom@>=19 <19.3
193 silly packumentCache full:https://registry.npmjs.org/react-dom cache-miss
194 http cache https://registry.npmjs.org/react-dom 40ms (cache hit)
195 silly packumentCache full:https://registry.npmjs.org/react-dom set size:9221722 disposed:false
196 silly placeDep ROOT @babel/runtime@7.29.7 OK for: @react-three/fiber@9.7.0 want: ^7.17.8
197 silly placeDep ROOT @types/webxr@0.5.24 OK for: @react-three/fiber@9.7.0 want: *
198 silly placeDep ROOT base64-js@1.5.1 OK for: @react-three/fiber@9.7.0 want: ^1.5.1
199 silly placeDep ROOT buffer@6.0.3 OK for: @react-three/fiber@9.7.0 want: ^6.0.3
200 silly placeDep ROOT its-fine@2.0.0 OK for: @react-three/fiber@9.7.0 want: ^2.0.0
201 silly placeDep ROOT react-use-measure@2.1.7 OK for: @react-three/fiber@9.7.0 want: ^2.1.7
202 silly placeDep ROOT suspend-react@0.1.3 OK for: @react-three/fiber@9.7.0 want: ^0.1.3
203 silly placeDep ROOT use-sync-external-store@1.6.0 OK for: @react-three/fiber@9.7.0 want: ^1.4.0
204 silly placeDep ROOT zustand@5.0.14 OK for: @react-three/fiber@9.7.0 want: ^5.0.3
205 silly fetch manifest ieee754@^1.2.1
206 silly packumentCache full:https://registry.npmjs.org/ieee754 cache-miss
207 silly fetch manifest @types/react-reconciler@^0.28.9
208 silly packumentCache full:https://registry.npmjs.org/@types%2freact-reconciler cache-miss
209 http fetch GET 200 https://registry.npmjs.org/ieee754 95ms (cache miss)
210 silly packumentCache full:https://registry.npmjs.org/ieee754 set size:undefined disposed:false
211 http fetch GET 200 https://registry.npmjs.org/@types%2freact-reconciler 588ms (cache miss)
212 silly packumentCache full:https://registry.npmjs.org/@types%2freact-reconciler set size:undefined disposed:false
213 silly placeDep ROOT ieee754@1.2.1 OK for: buffer@6.0.3 want: ^1.2.1
214 silly placeDep ROOT motion-dom@13.0.0 OK for: framer-motion@13.0.0 want: ^13.0.0
215 silly placeDep ROOT motion-utils@13.0.0 OK for: framer-motion@13.0.0 want: ^13.0.0
216 silly fetch manifest @types/react@*
217 silly packumentCache full:https://registry.npmjs.org/@types%2freact cache-miss
218 http cache https://registry.npmjs.org/@types%2freact 22ms (cache hit)
219 silly packumentCache full:https://registry.npmjs.org/@types%2freact set size:2637439 disposed:false
220 silly placeDep ROOT @types/react-reconciler@0.28.9 OK for: its-fine@2.0.0 want: ^0.28.9
221 silly reify moves {}
222 silly audit bulk request {
222 silly audit   '@alloc/quick-lru': [ '5.2.0' ],
222 silly audit   '@babel/code-frame': [ '7.29.7' ],
222 silly audit   '@babel/compat-data': [ '7.29.7' ],
222 silly audit   '@babel/core': [ '7.29.7' ],
222 silly audit   '@babel/generator': [ '7.29.8' ],
222 silly audit   '@babel/helper-compilation-targets': [ '7.29.7' ],
222 silly audit   '@babel/helper-globals': [ '7.29.7' ],
222 silly audit   '@babel/helper-module-imports': [ '7.29.7' ],
222 silly audit   '@babel/helper-module-transforms': [ '7.29.7' ],
222 silly audit   '@babel/helper-string-parser': [ '7.29.7' ],
222 silly audit   '@babel/helper-validator-identifier': [ '7.29.7' ],
222 silly audit   '@babel/helper-validator-option': [ '7.29.7' ],
222 silly audit   '@babel/helpers': [ '7.29.7' ],
222 silly audit   '@babel/parser': [ '7.29.8' ],
222 silly audit   '@babel/template': [ '7.29.7' ],
222 silly audit   '@babel/traverse': [ '7.29.8' ],
222 silly audit   '@babel/types': [ '7.29.8' ],
222 silly audit   '@emnapi/core': [ '1.10.0' ],
222 silly audit   '@emnapi/runtime': [ '1.11.3', '1.10.0' ],
222 silly audit   '@emnapi/wasi-threads': [ '1.2.1' ],
222 silly audit   '@eslint-community/eslint-utils': [ '4.10.1', '4.9.1' ],
222 silly audit   'eslint-visitor-keys': [ '3.4.3', '5.0.1', '4.2.1' ],
222 silly audit   '@eslint-community/regexpp': [ '4.12.2' ],
222 silly audit   '@eslint/config-array': [ '0.21.2' ],
222 silly audit   '@eslint/config-helpers': [ '0.4.2' ],
222 silly audit   '@eslint/core': [ '0.17.0' ],
222 silly audit   '@eslint/eslintrc': [ '3.3.6' ],
222 silly audit   '@eslint/js': [ '9.39.5' ],
222 silly audit   '@eslint/object-schema': [ '2.1.7' ],
222 silly audit   '@eslint/plugin-kit': [ '0.4.1' ],
222 silly audit   '@humanfs/core': [ '0.19.2' ],
222 silly audit   '@humanfs/node': [ '0.16.8' ],
222 silly audit   '@humanfs/types': [ '0.15.0' ],
222 silly audit   '@humanwhocodes/module-importer': [ '1.0.1' ],
222 silly audit   '@humanwhocodes/retry': [ '0.4.3' ],
222 silly audit   '@img/colour': [ '1.1.0' ],
222 silly audit   '@img/sharp-darwin-arm64': [ '0.35.3' ],
222 silly audit   '@img/sharp-darwin-x64': [ '0.35.3' ],
222 silly audit   '@img/sharp-freebsd-wasm32': [ '0.35.3' ],
222 silly audit   '@img/sharp-libvips-darwin-arm64': [ '1.3.2' ],
222 silly audit   '@img/sharp-libvips-darwin-x64': [ '1.3.2' ],
222 silly audit   '@img/sharp-libvips-linux-arm': [ '1.3.2' ],
222 silly audit   '@img/sharp-libvips-linux-arm64': [ '1.3.2' ],
222 silly audit   '@img/sharp-libvips-linux-ppc64': [ '1.3.2' ],
222 silly audit   '@img/sharp-libvips-linux-riscv64': [ '1.3.2' ],
222 silly audit   '@img/sharp-libvips-linux-s390x': [ '1.3.2' ],
222 silly audit   '@img/sharp-libvips-linux-x64': [ '1.3.2' ],
222 silly audit   '@img/sharp-libvips-linuxmusl-arm64': [ '1.3.2' ],
222 silly audit   '@img/sharp-libvips-linuxmusl-x64': [ '1.3.2' ],
222 silly audit   '@img/sharp-linux-arm': [ '0.35.3' ],
222 silly audit   '@img/sharp-linux-arm64': [ '0.35.3' ],
222 silly audit   '@img/sharp-linux-ppc64': [ '0.35.3' ],
222 silly audit   '@img/sharp-linux-riscv64': [ '0.35.3' ],
222 silly audit   '@img/sharp-linux-s390x': [ '0.35.3' ],
222 silly audit   '@img/sharp-linux-x64': [ '0.35.3' ],
222 silly audit   '@img/sharp-linuxmusl-arm64': [ '0.35.3' ],
222 silly audit   '@img/sharp-linuxmusl-x64': [ '0.35.3' ],
222 silly audit   '@img/sharp-wasm32': [ '0.35.3' ],
222 silly audit   '@img/sharp-webcontainers-wasm32': [ '0.35.3' ],
222 silly audit   '@img/sharp-win32-arm64': [ '0.35.3' ],
222 silly audit   '@img/sharp-win32-ia32': [ '0.35.3' ],
222 silly audit   '@img/sharp-win32-x64': [ '0.35.3' ],
222 silly audit   '@jridgewell/gen-mapping': [ '0.3.13' ],
222 silly audit   '@jridgewell/remapping': [ '2.3.5' ],
222 silly audit   '@jridgewell/resolve-uri': [ '3.1.2' ],
222 silly audit   '@jridgewell/sourcemap-codec': [ '1.5.5' ],
222 silly audit   '@jridgewell/trace-mapping': [ '0.3.31' ],
222 silly audit   '@napi-rs/wasm-runtime': [ '1.2.2' ],
222 silly audit   '@next/env': [ '16.3.0' ],
222 silly audit   '@next/eslint-plugin-next': [ '16.3.0' ],
222 silly audit   '@next/swc-darwin-arm64': [ '16.3.0' ],
222 silly audit   '@next/swc-darwin-x64': [ '16.3.0' ],
222 silly audit   '@next/swc-linux-arm64-gnu': [ '16.3.0' ],
222 silly audit   '@next/swc-linux-arm64-musl': [ '16.3.0' ],
222 silly audit   '@next/swc-linux-x64-gnu': [ '16.3.0' ],
222 silly audit   '@next/swc-linux-x64-musl': [ '16.3.0' ],
222 silly audit   '@next/swc-win32-arm64-msvc': [ '16.3.0' ],
222 silly audit   '@next/swc-win32-x64-msvc': [ '16.3.0' ],
222 silly audit   '@nodelib/fs.scandir': [ '2.1.5' ],
222 silly audit   '@nodelib/fs.stat': [ '2.0.5' ],
222 silly audit   '@nodelib/fs.walk': [ '1.2.8' ],
222 silly audit   '@nolyfill/is-core-module': [ '1.0.39' ],
222 silly audit   '@rtsao/scc': [ '1.1.0' ],
222 silly audit   '@swc/helpers': [ '0.5.15' ],
222 silly audit   '@tailwindcss/node': [ '4.3.3' ],
222 silly audit   '@tailwindcss/oxide': [ '4.3.3' ],
222 silly audit   '@tailwindcss/oxide-android-arm64': [ '4.3.3' ],
222 silly audit   '@tailwindcss/oxide-darwin-arm64': [ '4.3.3' ],
222 silly audit   '@tailwindcss/oxide-darwin-x64': [ '4.3.3' ],
222 silly audit   '@tailwindcss/oxide-freebsd-x64': [ '4.3.3' ],
222 silly audit   '@tailwindcss/oxide-linux-arm-gnueabihf': [ '4.3.3' ],
222 silly audit   '@tailwindcss/oxide-linux-arm64-gnu': [ '4.3.3' ],
222 silly audit   '@tailwindcss/oxide-linux-arm64-musl': [ '4.3.3' ],
222 silly audit   '@tailwindcss/oxide-linux-x64-gnu': [ '4.3.3' ],
222 silly audit   '@tailwindcss/oxide-linux-x64-musl': [ '4.3.3' ],
222 silly audit   '@tailwindcss/oxide-wasm32-wasi': [ '4.3.3' ],
222 silly audit   '@tailwindcss/oxide-win32-arm64-msvc': [ '4.3.3' ],
222 silly audit   '@tailwindcss/oxide-win32-x64-msvc': [ '4.3.3' ],
222 silly audit   '@tailwindcss/postcss': [ '4.3.3' ],
222 silly audit   '@tybys/wasm-util': [ '0.10.3' ],
222 silly audit   '@types/estree': [ '1.0.9' ],
222 silly audit   '@types/json-schema': [ '7.0.15' ],
222 silly audit   '@types/json5': [ '0.0.29' ],
222 silly audit   '@types/node': [ '20.19.43' ],
222 silly audit   '@types/react': [ '19.2.18' ],
222 silly audit   '@types/react-dom': [ '19.2.4' ],
222 silly audit   '@typescript-eslint/eslint-plugin': [ '8.66.0' ],
222 silly audit   ignore: [ '7.0.6', '5.3.2' ],
222 silly audit   '@typescript-eslint/parser': [ '8.66.0' ],
222 silly audit   '@typescript-eslint/project-service': [ '8.66.0' ],
222 silly audit   '@typescript-eslint/scope-manager': [ '8.66.0' ],
222 silly audit   '@typescript-eslint/tsconfig-utils': [ '8.66.0' ],
222 silly audit   '@typescript-eslint/type-utils': [ '8.66.0' ],
222 silly audit   '@typescript-eslint/types': [ '8.66.0' ],
222 silly audit   '@typescript-eslint/typescript-estree': [ '8.66.0' ],
222 silly audit   'balanced-match': [ '4.0.4', '1.0.2' ],
222 silly audit   'brace-expansion': [ '5.0.9', '1.1.18' ],
222 silly audit   minimatch: [ '10.2.6', '3.1.5' ],
222 silly audit   semver: [ '7.8.5', '6.3.1' ],
222 silly audit   '@typescript-eslint/utils': [ '8.66.0' ],
222 silly audit   '@typescript-eslint/visitor-keys': [ '8.66.0' ],
222 silly audit   '@unrs/resolver-binding-android-arm-eabi': [ '1.12.2' ],
222 silly audit   '@unrs/resolver-binding-android-arm64': [ '1.12.2' ],
222 silly audit   '@unrs/resolver-binding-darwin-arm64': [ '1.12.2' ],
222 silly audit   '@unrs/resolver-binding-darwin-x64': [ '1.12.2' ],
222 silly audit   '@unrs/resolver-binding-freebsd-x64': [ '1.12.2' ],
222 silly audit   '@unrs/resolver-binding-linux-arm-gnueabihf': [ '1.12.2' ],
222 silly audit   '@unrs/resolver-binding-linux-arm-musleabihf': [ '1.12.2' ],
222 silly audit   '@unrs/resolver-binding-linux-arm64-gnu': [ '1.12.2' ],
222 silly audit   '@unrs/resolver-binding-linux-arm64-musl': [ '1.12.2' ],
222 silly audit   '@unrs/resolver-binding-linux-loong64-gnu': [ '1.12.2' ],
222 silly audit   '@unrs/resolver-binding-linux-loong64-musl': [ '1.12.2' ],
222 silly audit   '@unrs/resolver-binding-linux-ppc64-gnu': [ '1.12.2' ],
222 silly audit   '@unrs/resolver-binding-linux-riscv64-gnu': [ '1.12.2' ],
222 silly audit   '@unrs/resolver-binding-linux-riscv64-musl': [ '1.12.2' ],
222 silly audit   '@unrs/resolver-binding-linux-s390x-gnu': [ '1.12.2' ],
222 silly audit   '@unrs/resolver-binding-linux-x64-gnu': [ '1.12.2' ],
222 silly audit   '@unrs/resolver-binding-linux-x64-musl': [ '1.12.2' ],
222 silly audit   '@unrs/resolver-binding-openharmony-arm64': [ '1.12.2' ],
222 silly audit   '@unrs/resolver-binding-wasm32-wasi': [ '1.12.2' ],
222 silly audit   '@unrs/resolver-binding-win32-arm64-msvc': [ '1.12.2' ],
222 silly audit   '@unrs/resolver-binding-win32-ia32-msvc': [ '1.12.2' ],
222 silly audit   '@unrs/resolver-binding-win32-x64-msvc': [ '1.12.2' ],
222 silly audit   acorn: [ '8.18.0' ],
222 silly audit   'acorn-jsx': [ '5.3.2' ],
222 silly audit   ajv: [ '6.15.0' ],
222 silly audit   'ansi-styles': [ '4.3.0' ],
222 silly audit   argparse: [ '2.0.1' ],
222 silly audit   'aria-query': [ '5.3.2' ],
222 silly audit   'array-buffer-byte-length': [ '1.0.2' ],
222 silly audit   'array-includes': [ '3.1.9' ],
222 silly audit   'array.prototype.findlast': [ '1.2.5' ],
222 silly audit   'array.prototype.findlastindex': [ '1.2.6' ],
222 silly audit   'array.prototype.flat': [ '1.3.3' ],
222 silly audit   'array.prototype.flatmap': [ '1.3.3' ],
222 silly audit   'array.prototype.tosorted': [ '1.1.4' ],
222 silly audit   'arraybuffer.prototype.slice': [ '1.0.4' ],
222 silly audit   'ast-types-flow': [ '0.0.8' ],
222 silly audit   'async-function': [ '1.0.0' ],
222 silly audit   'available-typed-arrays': [ '1.0.7' ],
222 silly audit   'axe-core': [ '4.12.1' ],
222 silly audit   'axobject-query': [ '4.1.0' ],
222 silly audit   'baseline-browser-mapping': [ '2.11.12' ],
222 silly audit   braces: [ '3.0.3' ],
222 silly audit   browserslist: [ '4.28.7' ],
222 silly audit   'call-bind': [ '1.0.9' ],
222 silly audit   'call-bind-apply-helpers': [ '1.0.2' ],
222 silly audit   'call-bound': [ '1.0.4' ],
222 silly audit   callsites: [ '3.1.0' ],
222 silly audit   'caniuse-lite': [ '1.0.30001806' ],
222 silly audit   chalk: [ '4.1.2' ],
222 silly audit   'client-only': [ '0.0.1' ],
222 silly audit   'color-convert': [ '2.0.1' ],
222 silly audit   'color-name': [ '1.1.4' ],
222 silly audit   'concat-map': [ '0.0.1' ],
222 silly audit   'convert-source-map': [ '2.0.0' ],
222 silly audit   'cross-spawn': [ '7.0.6' ],
222 silly audit   csstype: [ '3.2.3' ],
222 silly audit   'damerau-levenshtein': [ '1.0.8' ],
222 silly audit   'data-view-buffer': [ '1.0.2' ],
222 silly audit   'data-view-byte-length': [ '1.0.2' ],
222 silly audit   'data-view-byte-offset': [ '1.0.1' ],
222 silly audit   debug: [ '4.4.3', '3.2.7' ],
222 silly audit   'deep-is': [ '0.1.4' ],
222 silly audit   'define-data-property': [ '1.1.4' ],
222 silly audit   'define-properties': [ '1.2.1' ],
222 silly audit   'detect-libc': [ '2.1.2' ],
222 silly audit   doctrine: [ '2.1.0' ],
222 silly audit   'dunder-proto': [ '1.0.1' ],
222 silly audit   'electron-to-chromium': [ '1.5.401' ],
222 silly audit   'emoji-regex': [ '9.2.2' ],
222 silly audit   'enhanced-resolve': [ '5.24.5' ],
222 silly audit   'es-abstract': [ '1.24.2' ],
222 silly audit   'es-abstract-get': [ '1.0.0' ],
222 silly audit   'es-define-property': [ '1.0.1' ],
222 silly audit   'es-errors': [ '1.3.0' ],
222 silly audit   'es-iterator-helpers': [ '1.4.0' ],
222 silly audit   'es-object-atoms': [ '1.1.2' ],
222 silly audit   'es-set-tostringtag': [ '2.1.0' ],
222 silly audit   'es-shim-unscopables': [ '1.1.0' ],
222 silly audit   'es-to-primitive': [ '1.3.4' ],
222 silly audit   escalade: [ '3.2.0' ],
222 silly audit   'escape-string-regexp': [ '4.0.0' ],
222 silly audit   eslint: [ '9.39.5' ],
222 silly audit   'eslint-config-next': [ '16.3.0' ],
222 silly audit   globals: [ '16.4.0', '14.0.0' ],
222 silly audit   'eslint-import-resolver-node': [ '0.3.10' ],
222 silly audit   'eslint-import-resolver-typescript': [ '3.10.1' ],
222 silly audit   'eslint-module-utils': [ '2.14.0' ],
222 silly audit   'eslint-plugin-import': [ '2.32.0' ],
222 silly audit   'eslint-plugin-jsx-a11y': [ '6.10.2' ],
222 silly audit   'eslint-plugin-react': [ '7.37.5' ],
222 silly audit   'eslint-plugin-react-hooks': [ '7.1.1' ],
222 silly audit   'eslint-scope': [ '8.4.0' ],
222 silly audit   espree: [ '10.4.0' ],
222 silly audit   esquery: [ '1.7.0' ],
222 silly audit   esrecurse: [ '4.3.0' ],
222 silly audit   estraverse: [ '5.3.0' ],
222 silly audit   esutils: [ '2.0.3' ],
222 silly audit   'fast-deep-equal': [ '3.1.3' ],
222 silly audit   'fast-glob': [ '3.3.1' ],
222 silly audit   'glob-parent': [ '5.1.2', '6.0.2' ],
222 silly audit   'fast-json-stable-stringify': [ '2.1.0' ],
222 silly audit   'fast-levenshtein': [ '2.0.6' ],
222 silly audit   fastq: [ '1.20.1' ],
222 silly audit   'file-entry-cache': [ '8.0.0' ],
222 silly audit   'fill-range': [ '7.1.1' ],
222 silly audit   'find-up': [ '5.0.0' ],
222 silly audit   'flat-cache': [ '4.0.1' ],
222 silly audit   flatted: [ '3.4.4' ],
222 silly audit   'for-each': [ '0.3.5' ],
222 silly audit   'function-bind': [ '1.1.2' ],
222 silly audit   'function.prototype.name': [ '1.2.0' ],
222 silly audit   'functions-have-names': [ '1.2.3' ],
222 silly audit   'generator-function': [ '2.0.1' ],
222 silly audit   gensync: [ '1.0.0-beta.2' ],
222 silly audit   'get-intrinsic': [ '1.3.0' ],
222 silly audit   'get-proto': [ '1.0.1' ],
222 silly audit   'get-symbol-description': [ '1.1.0' ],
222 silly audit   'get-tsconfig': [ '4.14.1' ],
222 silly audit   globalthis: [ '1.0.4' ],
222 silly audit   gopd: [ '1.2.0' ],
222 silly audit   'graceful-fs': [ '4.2.11' ],
222 silly audit   'has-bigints': [ '1.1.0' ],
222 silly audit   'has-flag': [ '4.0.0' ],
222 silly audit   'has-property-descriptors': [ '1.0.2' ],
222 silly audit   'has-proto': [ '1.2.0' ],
222 silly audit   'has-symbols': [ '1.1.0' ],
222 silly audit   'has-tostringtag': [ '1.0.2' ],
222 silly audit   hasown: [ '2.0.4' ],
222 silly audit   'hermes-estree': [ '0.25.1' ],
222 silly audit   'hermes-parser': [ '0.25.1' ],
222 silly audit   'import-fresh': [ '3.3.1' ],
222 silly audit   imurmurhash: [ '0.1.4' ],
222 silly audit   'internal-slot': [ '1.1.0' ],
222 silly audit   'is-array-buffer': [ '3.0.5' ],
222 silly audit   'is-async-function': [ '2.1.1' ],
222 silly audit   'is-bigint': [ '1.1.0' ],
222 silly audit   'is-boolean-object': [ '1.2.2' ],
222 silly audit   'is-bun-module': [ '2.0.0' ],
222 silly audit   'is-callable': [ '1.2.7' ],
222 silly audit   'is-core-module': [ '2.16.2' ],
222 silly audit   'is-data-view': [ '1.0.2' ],
222 silly audit   'is-date-object': [ '1.1.0' ],
222 silly audit   'is-document.all': [ '1.0.0' ],
222 silly audit   'is-extglob': [ '2.1.1' ],
222 silly audit   'is-finalizationregistry': [ '1.1.1' ],
222 silly audit   'is-generator-function': [ '1.1.2' ],
222 silly audit   'is-glob': [ '4.0.3' ],
222 silly audit   'is-map': [ '2.0.3' ],
222 silly audit   'is-negative-zero': [ '2.0.3' ],
222 silly audit   'is-number': [ '7.0.0' ],
222 silly audit   'is-number-object': [ '1.1.1' ],
222 silly audit   'is-regex': [ '1.2.1' ],
222 silly audit   'is-set': [ '2.0.3' ],
222 silly audit   'is-shared-array-buffer': [ '1.0.4' ],
222 silly audit   'is-string': [ '1.1.1' ],
222 silly audit   'is-symbol': [ '1.1.1' ],
222 silly audit   'is-typed-array': [ '1.1.15' ],
222 silly audit   'is-weakmap': [ '2.0.2' ],
222 silly audit   'is-weakref': [ '1.1.1' ],
222 silly audit   'is-weakset': [ '2.0.4' ],
222 silly audit   isarray: [ '2.0.5' ],
222 silly audit   isexe: [ '2.0.0' ],
222 silly audit   'iterator.prototype': [ '1.1.5' ],
222 silly audit   jiti: [ '2.7.0' ],
222 silly audit   'js-tokens': [ '4.0.0' ],
222 silly audit   'js-yaml': [ '4.3.1' ],
222 silly audit   jsesc: [ '3.1.0' ],
222 silly audit   'json-buffer': [ '3.0.1' ],
222 silly audit   'json-schema-traverse': [ '0.4.1' ],
222 silly audit   'json-stable-stringify-without-jsonify': [ '1.0.1' ],
222 silly audit   json5: [ '2.2.3', '1.0.2' ],
222 silly audit   'jsx-ast-utils': [ '3.3.5' ],
222 silly audit   keyv: [ '4.5.4' ],
222 silly audit   'language-subtag-registry': [ '0.3.23' ],
222 silly audit   'language-tags': [ '1.0.9' ],
222 silly audit   levn: [ '0.4.1' ],
222 silly audit   lightningcss: [ '1.32.0' ],
222 silly audit   'lightningcss-android-arm64': [ '1.32.0' ],
222 silly audit   'lightningcss-darwin-arm64': [ '1.32.0' ],
222 silly audit   'lightningcss-darwin-x64': [ '1.32.0' ],
222 silly audit   'lightningcss-freebsd-x64': [ '1.32.0' ],
222 silly audit   'lightningcss-linux-arm-gnueabihf': [ '1.32.0' ],
222 silly audit   'lightningcss-linux-arm64-gnu': [ '1.32.0' ],
222 silly audit   'lightningcss-linux-arm64-musl': [ '1.32.0' ],
222 silly audit   'lightningcss-linux-x64-gnu': [ '1.32.0' ],
222 silly audit   'lightningcss-linux-x64-musl': [ '1.32.0' ],
222 silly audit   'lightningcss-win32-arm64-msvc': [ '1.32.0' ],
222 silly audit   'lightningcss-win32-x64-msvc': [ '1.32.0' ],
222 silly audit   'locate-path': [ '6.0.0' ],
222 silly audit   'lodash.merge': [ '4.6.2' ],
222 silly audit   'loose-envify': [ '1.4.0' ],
222 silly audit   'lru-cache': [ '5.1.1' ],
222 silly audit   'magic-string': [ '0.30.21' ],
222 silly audit   'math-intrinsics': [ '1.1.0' ],
222 silly audit   merge2: [ '1.4.1' ],
222 silly audit   micromatch: [ '4.0.8' ],
222 silly audit   minimist: [ '1.2.8' ],
222 silly audit   ms: [ '2.1.3' ],
222 silly audit   nanoid: [ '3.3.17' ],
222 silly audit   'napi-postinstall': [ '0.3.4' ],
222 silly audit   'natural-compare': [ '1.4.0' ],
222 silly audit   next: [ '16.3.0' ],
222 silly audit   postcss: [ '8.5.23', '8.5.25' ],
222 silly audit   'node-exports-info': [ '1.6.2' ],
222 silly audit   'node-releases': [ '2.0.52' ],
222 silly audit   'object-assign': [ '4.1.1' ],
222 silly audit   'object-inspect': [ '1.13.4' ],
222 silly audit   'object-keys': [ '1.1.1' ],
222 silly audit   'object.assign': [ '4.1.7' ],
222 silly audit   'object.entries': [ '1.1.9' ],
222 silly audit   'object.fromentries': [ '2.0.8' ],
222 silly audit   'object.groupby': [ '1.0.3' ],
222 silly audit   'object.values': [ '1.2.1' ],
222 silly audit   optionator: [ '0.9.4' ],
222 silly audit   'own-keys': [ '1.0.2' ],
222 silly audit   'p-limit': [ '3.1.0' ],
222 silly audit   'p-locate': [ '5.0.0' ],
222 silly audit   'parent-module': [ '1.0.1' ],
222 silly audit   'path-exists': [ '4.0.0' ],
222 silly audit   'path-key': [ '3.1.1' ],
222 silly audit   'path-parse': [ '1.0.7' ],
222 silly audit   picocolors: [ '1.1.1' ],
222 silly audit   picomatch: [ '2.3.2', '4.0.5' ],
222 silly audit   'possible-typed-array-names': [ '1.1.0' ],
222 silly audit   'prelude-ls': [ '1.2.1' ],
222 silly audit   'prop-types': [ '15.8.1' ],
222 silly audit   punycode: [ '2.3.1' ],
222 silly audit   'queue-microtask': [ '1.2.3' ],
222 silly audit   react: [ '19.2.8' ],
222 silly audit   'react-dom': [ '19.2.8' ],
222 silly audit   'react-is': [ '16.13.1' ],
222 silly audit   'reflect.getprototypeof': [ '1.0.10' ],
222 silly audit   'regexp.prototype.flags': [ '1.5.4' ],
222 silly audit   resolve: [ '2.0.0-next.7' ],
222 silly audit   'resolve-from': [ '4.0.0' ],
222 silly audit   'resolve-pkg-maps': [ '1.0.0' ],
222 silly audit   reusify: [ '1.1.0' ],
222 silly audit   'run-parallel': [ '1.2.0' ],
222 silly audit   'safe-array-concat': [ '1.1.4' ],
222 silly audit   'safe-push-apply': [ '1.0.0' ],
222 silly audit   'safe-regex-test': [ '1.1.0' ],
222 silly audit   scheduler: [ '0.27.0' ],
222 silly audit   'set-function-length': [ '1.2.2' ],
222 silly audit   'set-function-name': [ '2.0.2' ],
222 silly audit   'set-proto': [ '1.0.0' ],
222 silly audit   sharp: [ '0.35.3' ],
222 silly audit   'shebang-command': [ '2.0.0' ],
222 silly audit   'shebang-regex': [ '3.0.0' ],
222 silly audit   'side-channel': [ '1.1.1' ],
222 silly audit   'side-channel-list': [ '1.0.1' ],
222 silly audit   'side-channel-map': [ '1.0.1' ],
222 silly audit   'side-channel-weakmap': [ '1.0.2' ],
222 silly audit   'source-map-js': [ '1.2.1' ],
222 silly audit   'stable-hash': [ '0.0.5' ],
222 silly audit   'stop-iteration-iterator': [ '1.1.0' ],
222 silly audit   'string.prototype.includes': [ '2.0.1' ],
222 silly audit   'string.prototype.matchall': [ '4.0.12' ],
222 silly audit   'string.prototype.repeat': [ '1.0.0' ],
222 silly audit   'string.prototype.trim': [ '1.2.11' ],
222 silly audit   'string.prototype.trimend': [ '1.0.10' ],
222 silly audit   'string.prototype.trimstart': [ '1.0.8' ],
222 silly audit   'strip-bom': [ '3.0.0' ],
222 silly audit   'strip-json-comments': [ '3.1.1' ],
222 silly audit   'styled-jsx': [ '5.1.6' ],
222 silly audit   'supports-color': [ '7.2.0' ],
222 silly audit   'supports-preserve-symlinks-flag': [ '1.0.0' ],
222 silly audit   tailwindcss: [ '4.3.3' ],
222 silly audit   tapable: [ '2.3.3' ],
222 silly audit   tinyglobby: [ '0.2.17' ],
222 silly audit   fdir: [ '6.5.0' ],
222 silly audit   'to-regex-range': [ '5.0.1' ],
222 silly audit   'ts-api-utils': [ '2.5.0' ],
222 silly audit   'tsconfig-paths': [ '3.15.0' ],
222 silly audit   tslib: [ '2.8.1' ],
222 silly audit   'type-check': [ '0.4.0' ],
222 silly audit   'typed-array-buffer': [ '1.0.3' ],
222 silly audit   'typed-array-byte-length': [ '1.0.3' ],
222 silly audit   'typed-array-byte-offset': [ '1.0.4' ],
222 silly audit   'typed-array-length': [ '1.0.8' ],
222 silly audit   typescript: [ '5.9.3' ],
222 silly audit   'typescript-eslint': [ '8.66.0' ],
222 silly audit   'unbox-primitive': [ '1.1.0' ],
222 silly audit   'undici-types': [ '6.21.0' ],
222 silly audit   'unrs-resolver': [ '1.12.2' ],
222 silly audit   'update-browserslist-db': [ '1.2.3' ],
222 silly audit   'uri-js': [ '4.4.1' ],
222 silly audit   which: [ '2.0.2' ],
222 silly audit   'which-boxed-primitive': [ '1.1.1' ],
222 silly audit   'which-builtin-type': [ '1.2.1' ],
222 silly audit   'which-collection': [ '1.0.2' ],
222 silly audit   'which-typed-array': [ '1.1.22' ],
222 silly audit   'word-wrap': [ '1.2.5' ],
222 silly audit   yallist: [ '3.1.1' ],
222 silly audit   'yocto-queue': [ '0.1.0' ],
222 silly audit   zod: [ '4.4.3' ],
222 silly audit   'zod-validation-error': [ '4.0.2' ],
222 silly audit   '@react-three/fiber': [ '9.7.0' ],
222 silly audit   clsx: [ '2.1.1' ],
222 silly audit   'framer-motion': [ '13.0.0' ],
222 silly audit   gsap: [ '3.15.0' ],
222 silly audit   lenis: [ '1.3.26' ],
222 silly audit   'lucide-react': [ '1.28.0' ],
222 silly audit   swiper: [ '14.0.7' ],
222 silly audit   'tailwind-merge': [ '3.6.0' ],
222 silly audit   three: [ '0.185.1' ],
222 silly audit   '@babel/runtime': [ '7.29.7' ],
222 silly audit   '@types/webxr': [ '0.5.24' ],
222 silly audit   'base64-js': [ '1.5.1' ],
222 silly audit   buffer: [ '6.0.3' ],
222 silly audit   'its-fine': [ '2.0.0' ],
222 silly audit   'react-use-measure': [ '2.1.7' ],
222 silly audit   'suspend-react': [ '0.1.3' ],
222 silly audit   'use-sync-external-store': [ '1.6.0' ],
222 silly audit   zustand: [ '5.0.14' ],
222 silly audit   ieee754: [ '1.2.1' ],
222 silly audit   'motion-dom': [ '13.0.0' ],
222 silly audit   'motion-utils': [ '13.0.0' ],
222 silly audit   '@types/react-reconciler': [ '0.28.9' ]
222 silly audit }
223 http cache @types/react-reconciler@https://registry.npmjs.org/@types/react-reconciler/-/react-reconciler-0.28.9.tgz 0ms (cache hit)
224 http cache motion-utils@https://registry.npmjs.org/motion-utils/-/motion-utils-13.0.0.tgz 0ms (cache hit)
225 http cache motion-dom@https://registry.npmjs.org/motion-dom/-/motion-dom-13.0.0.tgz 0ms (cache hit)
226 http cache ieee754@https://registry.npmjs.org/ieee754/-/ieee754-1.2.1.tgz 0ms (cache hit)
227 http cache zustand@https://registry.npmjs.org/zustand/-/zustand-5.0.14.tgz 0ms (cache hit)
228 http cache use-sync-external-store@https://registry.npmjs.org/use-sync-external-store/-/use-sync-external-store-1.6.0.tgz 0ms (cache hit)
229 http cache suspend-react@https://registry.npmjs.org/suspend-react/-/suspend-react-0.1.3.tgz 0ms (cache hit)
230 http cache its-fine@https://registry.npmjs.org/its-fine/-/its-fine-2.0.0.tgz 0ms (cache hit)
231 http cache @types/webxr@https://registry.npmjs.org/@types/webxr/-/webxr-0.5.24.tgz 0ms (cache hit)
232 http cache react-use-measure@https://registry.npmjs.org/react-use-measure/-/react-use-measure-2.1.7.tgz 0ms (cache hit)
233 http cache @babel/runtime@https://registry.npmjs.org/@babel/runtime/-/runtime-7.29.7.tgz 0ms (cache hit)
234 http cache buffer@https://registry.npmjs.org/buffer/-/buffer-6.0.3.tgz 0ms (cache hit)
235 http cache base64-js@https://registry.npmjs.org/base64-js/-/base64-js-1.5.1.tgz 0ms (cache hit)
236 http cache three@https://registry.npmjs.org/three/-/three-0.185.1.tgz 0ms (cache hit)
237 http cache tailwind-merge@https://registry.npmjs.org/tailwind-merge/-/tailwind-merge-3.6.0.tgz 0ms (cache hit)
238 http cache swiper@https://registry.npmjs.org/swiper/-/swiper-14.0.7.tgz 0ms (cache hit)
239 http cache lucide-react@https://registry.npmjs.org/lucide-react/-/lucide-react-1.28.0.tgz 0ms (cache hit)
240 http cache lenis@https://registry.npmjs.org/lenis/-/lenis-1.3.26.tgz 0ms (cache hit)
241 http cache framer-motion@https://registry.npmjs.org/framer-motion/-/framer-motion-13.0.0.tgz 0ms (cache hit)
242 http cache clsx@https://registry.npmjs.org/clsx/-/clsx-2.1.1.tgz 0ms (cache hit)
243 http cache gsap@https://registry.npmjs.org/gsap/-/gsap-3.15.0.tgz 0ms (cache hit)
244 silly tarball no local data for @types/react-reconciler@https://registry.npmjs.org/@types/react-reconciler/-/react-reconciler-0.28.9.tgz. Extracting by manifest.
245 silly tarball no local data for motion-utils@https://registry.npmjs.org/motion-utils/-/motion-utils-13.0.0.tgz. Extracting by manifest.
246 http cache @react-three/fiber@https://registry.npmjs.org/@react-three/fiber/-/fiber-9.7.0.tgz 0ms (cache hit)
247 silly tarball no local data for motion-dom@https://registry.npmjs.org/motion-dom/-/motion-dom-13.0.0.tgz. Extracting by manifest.
248 silly tarball no local data for ieee754@https://registry.npmjs.org/ieee754/-/ieee754-1.2.1.tgz. Extracting by manifest.
249 silly tarball no local data for zustand@https://registry.npmjs.org/zustand/-/zustand-5.0.14.tgz. Extracting by manifest.
250 silly tarball no local data for use-sync-external-store@https://registry.npmjs.org/use-sync-external-store/-/use-sync-external-store-1.6.0.tgz. Extracting by manifest.
251 silly tarball no local data for suspend-react@https://registry.npmjs.org/suspend-react/-/suspend-react-0.1.3.tgz. Extracting by manifest.
252 silly tarball no local data for its-fine@https://registry.npmjs.org/its-fine/-/its-fine-2.0.0.tgz. Extracting by manifest.
253 silly tarball no local data for @types/webxr@https://registry.npmjs.org/@types/webxr/-/webxr-0.5.24.tgz. Extracting by manifest.
254 silly tarball no local data for react-use-measure@https://registry.npmjs.org/react-use-measure/-/react-use-measure-2.1.7.tgz. Extracting by manifest.
255 silly tarball no local data for @babel/runtime@https://registry.npmjs.org/@babel/runtime/-/runtime-7.29.7.tgz. Extracting by manifest.
256 silly tarball no local data for buffer@https://registry.npmjs.org/buffer/-/buffer-6.0.3.tgz. Extracting by manifest.
257 silly tarball no local data for base64-js@https://registry.npmjs.org/base64-js/-/base64-js-1.5.1.tgz. Extracting by manifest.
258 silly tarball no local data for three@https://registry.npmjs.org/three/-/three-0.185.1.tgz. Extracting by manifest.
259 silly tarball no local data for tailwind-merge@https://registry.npmjs.org/tailwind-merge/-/tailwind-merge-3.6.0.tgz. Extracting by manifest.
260 silly tarball no local data for swiper@https://registry.npmjs.org/swiper/-/swiper-14.0.7.tgz. Extracting by manifest.
261 silly tarball no local data for lucide-react@https://registry.npmjs.org/lucide-react/-/lucide-react-1.28.0.tgz. Extracting by manifest.
262 silly tarball no local data for lenis@https://registry.npmjs.org/lenis/-/lenis-1.3.26.tgz. Extracting by manifest.
263 silly tarball no local data for framer-motion@https://registry.npmjs.org/framer-motion/-/framer-motion-13.0.0.tgz. Extracting by manifest.
264 silly tarball no local data for clsx@https://registry.npmjs.org/clsx/-/clsx-2.1.1.tgz. Extracting by manifest.
265 silly tarball no local data for gsap@https://registry.npmjs.org/gsap/-/gsap-3.15.0.tgz. Extracting by manifest.
266 silly tarball no local data for @react-three/fiber@https://registry.npmjs.org/@react-three/fiber/-/fiber-9.7.0.tgz. Extracting by manifest.
267 http fetch GET 200 https://registry.npmjs.org/suspend-react/-/suspend-react-0.1.3.tgz 267ms (cache miss)
268 http fetch GET 200 https://registry.npmjs.org/its-fine/-/its-fine-2.0.0.tgz 278ms (cache miss)
269 http fetch GET 200 https://registry.npmjs.org/ieee754/-/ieee754-1.2.1.tgz 294ms (cache miss)
270 http fetch GET 200 https://registry.npmjs.org/react-use-measure/-/react-use-measure-2.1.7.tgz 340ms (cache miss)
271 http fetch GET 200 https://registry.npmjs.org/use-sync-external-store/-/use-sync-external-store-1.6.0.tgz 389ms (cache miss)
272 http fetch GET 200 https://registry.npmjs.org/clsx/-/clsx-2.1.1.tgz 405ms (cache miss)
273 http fetch GET 200 https://registry.npmjs.org/zustand/-/zustand-5.0.14.tgz 501ms (cache miss)
274 http fetch GET 200 https://registry.npmjs.org/motion-utils/-/motion-utils-13.0.0.tgz 586ms (cache miss)
275 http fetch GET 200 https://registry.npmjs.org/lenis/-/lenis-1.3.26.tgz 775ms (cache miss)
276 http fetch POST 200 https://registry.npmjs.org/-/npm/v1/security/advisories/bulk 1022ms
277 silly audit report {}
278 http fetch GET 200 https://registry.npmjs.org/@types/react-reconciler/-/react-reconciler-0.28.9.tgz 1062ms (cache miss)
279 http fetch GET 200 https://registry.npmjs.org/@types/webxr/-/webxr-0.5.24.tgz 1054ms (cache miss)
280 http fetch GET 200 https://registry.npmjs.org/tailwind-merge/-/tailwind-merge-3.6.0.tgz 1493ms (cache miss)
281 http fetch GET 200 https://registry.npmjs.org/base64-js/-/base64-js-1.5.1.tgz 1499ms (cache miss)
282 http fetch GET 200 https://registry.npmjs.org/buffer/-/buffer-6.0.3.tgz 1569ms (cache miss)
283 http fetch GET 200 https://registry.npmjs.org/@babel/runtime/-/runtime-7.29.7.tgz 1817ms (cache miss)
284 http fetch GET 200 https://registry.npmjs.org/swiper/-/swiper-14.0.7.tgz 2314ms (cache miss)
285 http fetch GET 200 https://registry.npmjs.org/motion-dom/-/motion-dom-13.0.0.tgz 3183ms (cache miss)
286 http fetch GET 200 https://registry.npmjs.org/framer-motion/-/framer-motion-13.0.0.tgz 3507ms (cache miss)
287 http fetch GET 200 https://registry.npmjs.org/@react-three/fiber/-/fiber-9.7.0.tgz 3668ms (cache miss)
288 http fetch GET 200 https://registry.npmjs.org/gsap/-/gsap-3.15.0.tgz 6758ms (cache miss)
289 http fetch GET 200 https://registry.npmjs.org/three/-/three-0.185.1.tgz 10420ms (cache miss)
290 http fetch GET 200 https://registry.npmjs.org/lucide-react/-/lucide-react-1.28.0.tgz 14094ms (cache miss)
291 silly ADD node_modules/@types/react-reconciler
292 silly ADD node_modules/motion-utils
293 silly ADD node_modules/motion-dom
294 silly ADD node_modules/ieee754
295 silly ADD node_modules/zustand
296 silly ADD node_modules/use-sync-external-store
297 silly ADD node_modules/suspend-react
298 silly ADD node_modules/react-use-measure
299 silly ADD node_modules/its-fine
300 silly ADD node_modules/buffer
301 silly ADD node_modules/base64-js
302 silly ADD node_modules/@types/webxr
303 silly ADD node_modules/@babel/runtime
304 silly ADD node_modules/three
305 silly ADD node_modules/tailwind-merge
306 silly ADD node_modules/swiper
307 silly ADD node_modules/lucide-react
308 silly ADD node_modules/lenis
309 silly ADD node_modules/gsap
310 silly ADD node_modules/framer-motion
311 silly ADD node_modules/clsx
312 silly ADD node_modules/@react-three/fiber
313 verbose cwd D:\APPLICATION-JPS
314 verbose os Windows_NT 10.0.26200
315 verbose node v20.19.4
316 verbose npm  v11.14.1
317 verbose exit 0
318 info ok
