0 verbose cli F:\Node js\node.exe C:\Users\prane\AppData\Roaming\npm\node_modules\npm\bin\npm-cli.js
1 info using npm@11.14.1
2 info using node@v20.19.4
3 silly config load:file:C:\Users\prane\AppData\Roaming\npm\node_modules\npm\npmrc
4 silly config load:file:D:\APPLICATION-JPS\.npmrc
5 silly config load:file:C:\Users\prane\.npmrc
6 silly config load:file:C:\Users\prane\AppData\Roaming\npm\etc\npmrc
7 verbose title npm install @types/three
8 verbose argv "install" "--save-dev" "@types/three"
9 verbose logfile logs-max:10 dir:d:\APPLICATION-JPS\.npm-cache\_logs\2026-08-05T16_52_49_785Z-
10 verbose logfile d:\APPLICATION-JPS\.npm-cache\_logs\2026-08-05T16_52_49_785Z-debug-0.log
11 silly logfile done cleaning log files
12 silly packumentCache heap:2197815296 maxSize:549453824 maxEntrySize:274726912
13 silly idealTree buildDeps
14 silly fetch manifest @types/three@*
15 silly packumentCache full:https://registry.npmjs.org/@types%2fthree cache-miss
16 http fetch GET 200 https://registry.npmjs.org/@types%2fthree 1064ms (cache miss)
17 silly packumentCache full:https://registry.npmjs.org/@types%2fthree set size:undefined disposed:false
18 silly placeDep ROOT @types/three@0.185.4 OK for: jps-fabrics@0.1.0 want: *
19 silly fetch manifest fflate@~0.8.2
20 silly packumentCache full:https://registry.npmjs.org/fflate cache-miss
21 silly fetch manifest meshoptimizer@~1.1.1
22 silly packumentCache full:https://registry.npmjs.org/meshoptimizer cache-miss
23 silly fetch manifest @types/stats.js@*
24 silly packumentCache full:https://registry.npmjs.org/@types%2fstats.js cache-miss
25 silly fetch manifest @tweenjs/tween.js@~23.1.3
26 silly packumentCache full:https://registry.npmjs.org/@tweenjs%2ftween.js cache-miss
27 silly fetch manifest @dimforge/rapier3d-compat@~0.12.0
28 silly packumentCache full:https://registry.npmjs.org/@dimforge%2frapier3d-compat cache-miss
29 http fetch GET 200 https://registry.npmjs.org/fflate 143ms (cache miss)
30 silly packumentCache full:https://registry.npmjs.org/fflate set size:undefined disposed:false
31 http fetch GET 200 https://registry.npmjs.org/@types%2fstats.js 1131ms (cache miss)
32 silly packumentCache full:https://registry.npmjs.org/@types%2fstats.js set size:undefined disposed:false
33 http fetch GET 200 https://registry.npmjs.org/meshoptimizer 2172ms (cache miss)
34 silly packumentCache full:https://registry.npmjs.org/meshoptimizer set size:undefined disposed:false
35 http fetch GET 200 https://registry.npmjs.org/@tweenjs%2ftween.js 2551ms (cache miss)
36 silly packumentCache full:https://registry.npmjs.org/@tweenjs%2ftween.js set size:undefined disposed:false
37 http fetch GET 200 https://registry.npmjs.org/@dimforge%2frapier3d-compat 2665ms (cache miss)
38 silly packumentCache full:https://registry.npmjs.org/@dimforge%2frapier3d-compat set size:undefined disposed:false
39 silly placeDep ROOT @dimforge/rapier3d-compat@0.12.0 OK for: @types/three@0.185.4 want: ~0.12.0
40 silly placeDep ROOT @tweenjs/tween.js@23.1.3 OK for: @types/three@0.185.4 want: ~23.1.3
41 silly placeDep ROOT @types/stats.js@0.17.4 OK for: @types/three@0.185.4 want: *
42 silly placeDep ROOT fflate@0.8.3 OK for: @types/three@0.185.4 want: ~0.8.2
43 silly placeDep ROOT meshoptimizer@1.1.1 OK for: @types/three@0.185.4 want: ~1.1.1
44 silly reify moves {}
45 silly audit bulk request {
45 silly audit   '@alloc/quick-lru': [ '5.2.0' ],
45 silly audit   '@babel/code-frame': [ '7.29.7' ],
45 silly audit   '@babel/compat-data': [ '7.29.7' ],
45 silly audit   '@babel/core': [ '7.29.7' ],
45 silly audit   '@babel/generator': [ '7.29.8' ],
45 silly audit   '@babel/helper-compilation-targets': [ '7.29.7' ],
45 silly audit   '@babel/helper-globals': [ '7.29.7' ],
45 silly audit   '@babel/helper-module-imports': [ '7.29.7' ],
45 silly audit   '@babel/helper-module-transforms': [ '7.29.7' ],
45 silly audit   '@babel/helper-string-parser': [ '7.29.7' ],
45 silly audit   '@babel/helper-validator-identifier': [ '7.29.7' ],
45 silly audit   '@babel/helper-validator-option': [ '7.29.7' ],
45 silly audit   '@babel/helpers': [ '7.29.7' ],
45 silly audit   '@babel/parser': [ '7.29.8' ],
45 silly audit   '@babel/runtime': [ '7.29.7' ],
45 silly audit   '@babel/template': [ '7.29.7' ],
45 silly audit   '@babel/traverse': [ '7.29.8' ],
45 silly audit   '@babel/types': [ '7.29.8' ],
45 silly audit   '@emnapi/core': [ '1.10.0' ],
45 silly audit   '@emnapi/runtime': [ '1.11.3', '1.10.0' ],
45 silly audit   '@emnapi/wasi-threads': [ '1.2.1' ],
45 silly audit   '@eslint-community/eslint-utils': [ '4.10.1', '4.9.1' ],
45 silly audit   'eslint-visitor-keys': [ '3.4.3', '5.0.1', '4.2.1' ],
45 silly audit   '@eslint-community/regexpp': [ '4.12.2' ],
45 silly audit   '@eslint/config-array': [ '0.21.2' ],
45 silly audit   '@eslint/config-helpers': [ '0.4.2' ],
45 silly audit   '@eslint/core': [ '0.17.0' ],
45 silly audit   '@eslint/eslintrc': [ '3.3.6' ],
45 silly audit   '@eslint/js': [ '9.39.5' ],
45 silly audit   '@eslint/object-schema': [ '2.1.7' ],
45 silly audit   '@eslint/plugin-kit': [ '0.4.1' ],
45 silly audit   '@humanfs/core': [ '0.19.2' ],
45 silly audit   '@humanfs/node': [ '0.16.8' ],
45 silly audit   '@humanfs/types': [ '0.15.0' ],
45 silly audit   '@humanwhocodes/module-importer': [ '1.0.1' ],
45 silly audit   '@humanwhocodes/retry': [ '0.4.3' ],
45 silly audit   '@img/colour': [ '1.1.0' ],
45 silly audit   '@img/sharp-darwin-arm64': [ '0.35.3' ],
45 silly audit   '@img/sharp-darwin-x64': [ '0.35.3' ],
45 silly audit   '@img/sharp-freebsd-wasm32': [ '0.35.3' ],
45 silly audit   '@img/sharp-libvips-darwin-arm64': [ '1.3.2' ],
45 silly audit   '@img/sharp-libvips-darwin-x64': [ '1.3.2' ],
45 silly audit   '@img/sharp-libvips-linux-arm': [ '1.3.2' ],
45 silly audit   '@img/sharp-libvips-linux-arm64': [ '1.3.2' ],
45 silly audit   '@img/sharp-libvips-linux-ppc64': [ '1.3.2' ],
45 silly audit   '@img/sharp-libvips-linux-riscv64': [ '1.3.2' ],
45 silly audit   '@img/sharp-libvips-linux-s390x': [ '1.3.2' ],
45 silly audit   '@img/sharp-libvips-linux-x64': [ '1.3.2' ],
45 silly audit   '@img/sharp-libvips-linuxmusl-arm64': [ '1.3.2' ],
45 silly audit   '@img/sharp-libvips-linuxmusl-x64': [ '1.3.2' ],
45 silly audit   '@img/sharp-linux-arm': [ '0.35.3' ],
45 silly audit   '@img/sharp-linux-arm64': [ '0.35.3' ],
45 silly audit   '@img/sharp-linux-ppc64': [ '0.35.3' ],
45 silly audit   '@img/sharp-linux-riscv64': [ '0.35.3' ],
45 silly audit   '@img/sharp-linux-s390x': [ '0.35.3' ],
45 silly audit   '@img/sharp-linux-x64': [ '0.35.3' ],
45 silly audit   '@img/sharp-linuxmusl-arm64': [ '0.35.3' ],
45 silly audit   '@img/sharp-linuxmusl-x64': [ '0.35.3' ],
45 silly audit   '@img/sharp-wasm32': [ '0.35.3' ],
45 silly audit   '@img/sharp-webcontainers-wasm32': [ '0.35.3' ],
45 silly audit   '@img/sharp-win32-arm64': [ '0.35.3' ],
45 silly audit   '@img/sharp-win32-ia32': [ '0.35.3' ],
45 silly audit   '@img/sharp-win32-x64': [ '0.35.3' ],
45 silly audit   '@jridgewell/gen-mapping': [ '0.3.13' ],
45 silly audit   '@jridgewell/remapping': [ '2.3.5' ],
45 silly audit   '@jridgewell/resolve-uri': [ '3.1.2' ],
45 silly audit   '@jridgewell/sourcemap-codec': [ '1.5.5' ],
45 silly audit   '@jridgewell/trace-mapping': [ '0.3.31' ],
45 silly audit   '@napi-rs/wasm-runtime': [ '1.2.2' ],
45 silly audit   '@next/env': [ '16.3.0' ],
45 silly audit   '@next/eslint-plugin-next': [ '16.3.0' ],
45 silly audit   '@next/swc-darwin-arm64': [ '16.3.0' ],
45 silly audit   '@next/swc-darwin-x64': [ '16.3.0' ],
45 silly audit   '@next/swc-linux-arm64-gnu': [ '16.3.0' ],
45 silly audit   '@next/swc-linux-arm64-musl': [ '16.3.0' ],
45 silly audit   '@next/swc-linux-x64-gnu': [ '16.3.0' ],
45 silly audit   '@next/swc-linux-x64-musl': [ '16.3.0' ],
45 silly audit   '@next/swc-win32-arm64-msvc': [ '16.3.0' ],
45 silly audit   '@next/swc-win32-x64-msvc': [ '16.3.0' ],
45 silly audit   '@nodelib/fs.scandir': [ '2.1.5' ],
45 silly audit   '@nodelib/fs.stat': [ '2.0.5' ],
45 silly audit   '@nodelib/fs.walk': [ '1.2.8' ],
45 silly audit   '@nolyfill/is-core-module': [ '1.0.39' ],
45 silly audit   '@react-three/fiber': [ '9.7.0' ],
45 silly audit   '@rtsao/scc': [ '1.1.0' ],
45 silly audit   '@swc/helpers': [ '0.5.15' ],
45 silly audit   '@tailwindcss/node': [ '4.3.3' ],
45 silly audit   '@tailwindcss/oxide': [ '4.3.3' ],
45 silly audit   '@tailwindcss/oxide-android-arm64': [ '4.3.3' ],
45 silly audit   '@tailwindcss/oxide-darwin-arm64': [ '4.3.3' ],
45 silly audit   '@tailwindcss/oxide-darwin-x64': [ '4.3.3' ],
45 silly audit   '@tailwindcss/oxide-freebsd-x64': [ '4.3.3' ],
45 silly audit   '@tailwindcss/oxide-linux-arm-gnueabihf': [ '4.3.3' ],
45 silly audit   '@tailwindcss/oxide-linux-arm64-gnu': [ '4.3.3' ],
45 silly audit   '@tailwindcss/oxide-linux-arm64-musl': [ '4.3.3' ],
45 silly audit   '@tailwindcss/oxide-linux-x64-gnu': [ '4.3.3' ],
45 silly audit   '@tailwindcss/oxide-linux-x64-musl': [ '4.3.3' ],
45 silly audit   '@tailwindcss/oxide-wasm32-wasi': [ '4.3.3' ],
45 silly audit   '@tailwindcss/oxide-win32-arm64-msvc': [ '4.3.3' ],
45 silly audit   '@tailwindcss/oxide-win32-x64-msvc': [ '4.3.3' ],
45 silly audit   '@tailwindcss/postcss': [ '4.3.3' ],
45 silly audit   '@tybys/wasm-util': [ '0.10.3' ],
45 silly audit   '@types/estree': [ '1.0.9' ],
45 silly audit   '@types/json-schema': [ '7.0.15' ],
45 silly audit   '@types/json5': [ '0.0.29' ],
45 silly audit   '@types/node': [ '20.19.43' ],
45 silly audit   '@types/react': [ '19.2.18' ],
45 silly audit   '@types/react-dom': [ '19.2.4' ],
45 silly audit   '@types/react-reconciler': [ '0.28.9' ],
45 silly audit   '@types/webxr': [ '0.5.24' ],
45 silly audit   '@typescript-eslint/eslint-plugin': [ '8.66.0' ],
45 silly audit   ignore: [ '7.0.6', '5.3.2' ],
45 silly audit   '@typescript-eslint/parser': [ '8.66.0' ],
45 silly audit   '@typescript-eslint/project-service': [ '8.66.0' ],
45 silly audit   '@typescript-eslint/scope-manager': [ '8.66.0' ],
45 silly audit   '@typescript-eslint/tsconfig-utils': [ '8.66.0' ],
45 silly audit   '@typescript-eslint/type-utils': [ '8.66.0' ],
45 silly audit   '@typescript-eslint/types': [ '8.66.0' ],
45 silly audit   '@typescript-eslint/typescript-estree': [ '8.66.0' ],
45 silly audit   'balanced-match': [ '4.0.4', '1.0.2' ],
45 silly audit   'brace-expansion': [ '5.0.9', '1.1.18' ],
45 silly audit   minimatch: [ '10.2.6', '3.1.5' ],
45 silly audit   semver: [ '7.8.5', '6.3.1' ],
45 silly audit   '@typescript-eslint/utils': [ '8.66.0' ],
45 silly audit   '@typescript-eslint/visitor-keys': [ '8.66.0' ],
45 silly audit   '@unrs/resolver-binding-android-arm-eabi': [ '1.12.2' ],
45 silly audit   '@unrs/resolver-binding-android-arm64': [ '1.12.2' ],
45 silly audit   '@unrs/resolver-binding-darwin-arm64': [ '1.12.2' ],
45 silly audit   '@unrs/resolver-binding-darwin-x64': [ '1.12.2' ],
45 silly audit   '@unrs/resolver-binding-freebsd-x64': [ '1.12.2' ],
45 silly audit   '@unrs/resolver-binding-linux-arm-gnueabihf': [ '1.12.2' ],
45 silly audit   '@unrs/resolver-binding-linux-arm-musleabihf': [ '1.12.2' ],
45 silly audit   '@unrs/resolver-binding-linux-arm64-gnu': [ '1.12.2' ],
45 silly audit   '@unrs/resolver-binding-linux-arm64-musl': [ '1.12.2' ],
45 silly audit   '@unrs/resolver-binding-linux-loong64-gnu': [ '1.12.2' ],
45 silly audit   '@unrs/resolver-binding-linux-loong64-musl': [ '1.12.2' ],
45 silly audit   '@unrs/resolver-binding-linux-ppc64-gnu': [ '1.12.2' ],
45 silly audit   '@unrs/resolver-binding-linux-riscv64-gnu': [ '1.12.2' ],
45 silly audit   '@unrs/resolver-binding-linux-riscv64-musl': [ '1.12.2' ],
45 silly audit   '@unrs/resolver-binding-linux-s390x-gnu': [ '1.12.2' ],
45 silly audit   '@unrs/resolver-binding-linux-x64-gnu': [ '1.12.2' ],
45 silly audit   '@unrs/resolver-binding-linux-x64-musl': [ '1.12.2' ],
45 silly audit   '@unrs/resolver-binding-openharmony-arm64': [ '1.12.2' ],
45 silly audit   '@unrs/resolver-binding-wasm32-wasi': [ '1.12.2' ],
45 silly audit   '@unrs/resolver-binding-win32-arm64-msvc': [ '1.12.2' ],
45 silly audit   '@unrs/resolver-binding-win32-ia32-msvc': [ '1.12.2' ],
45 silly audit   '@unrs/resolver-binding-win32-x64-msvc': [ '1.12.2' ],
45 silly audit   acorn: [ '8.18.0' ],
45 silly audit   'acorn-jsx': [ '5.3.2' ],
45 silly audit   ajv: [ '6.15.0' ],
45 silly audit   'ansi-styles': [ '4.3.0' ],
45 silly audit   argparse: [ '2.0.1' ],
45 silly audit   'aria-query': [ '5.3.2' ],
45 silly audit   'array-buffer-byte-length': [ '1.0.2' ],
45 silly audit   'array-includes': [ '3.1.9' ],
45 silly audit   'array.prototype.findlast': [ '1.2.5' ],
45 silly audit   'array.prototype.findlastindex': [ '1.2.6' ],
45 silly audit   'array.prototype.flat': [ '1.3.3' ],
45 silly audit   'array.prototype.flatmap': [ '1.3.3' ],
45 silly audit   'array.prototype.tosorted': [ '1.1.4' ],
45 silly audit   'arraybuffer.prototype.slice': [ '1.0.4' ],
45 silly audit   'ast-types-flow': [ '0.0.8' ],
45 silly audit   'async-function': [ '1.0.0' ],
45 silly audit   'available-typed-arrays': [ '1.0.7' ],
45 silly audit   'axe-core': [ '4.12.1' ],
45 silly audit   'axobject-query': [ '4.1.0' ],
45 silly audit   'base64-js': [ '1.5.1' ],
45 silly audit   'baseline-browser-mapping': [ '2.11.12' ],
45 silly audit   braces: [ '3.0.3' ],
45 silly audit   browserslist: [ '4.28.7' ],
45 silly audit   buffer: [ '6.0.3' ],
45 silly audit   'call-bind': [ '1.0.9' ],
45 silly audit   'call-bind-apply-helpers': [ '1.0.2' ],
45 silly audit   'call-bound': [ '1.0.4' ],
45 silly audit   callsites: [ '3.1.0' ],
45 silly audit   'caniuse-lite': [ '1.0.30001806' ],
45 silly audit   chalk: [ '4.1.2' ],
45 silly audit   'client-only': [ '0.0.1' ],
45 silly audit   clsx: [ '2.1.1' ],
45 silly audit   'color-convert': [ '2.0.1' ],
45 silly audit   'color-name': [ '1.1.4' ],
45 silly audit   'concat-map': [ '0.0.1' ],
45 silly audit   'convert-source-map': [ '2.0.0' ],
45 silly audit   'cross-spawn': [ '7.0.6' ],
45 silly audit   csstype: [ '3.2.3' ],
45 silly audit   'damerau-levenshtein': [ '1.0.8' ],
45 silly audit   'data-view-buffer': [ '1.0.2' ],
45 silly audit   'data-view-byte-length': [ '1.0.2' ],
45 silly audit   'data-view-byte-offset': [ '1.0.1' ],
45 silly audit   debug: [ '4.4.3', '3.2.7' ],
45 silly audit   'deep-is': [ '0.1.4' ],
45 silly audit   'define-data-property': [ '1.1.4' ],
45 silly audit   'define-properties': [ '1.2.1' ],
45 silly audit   'detect-libc': [ '2.1.2' ],
45 silly audit   doctrine: [ '2.1.0' ],
45 silly audit   'dunder-proto': [ '1.0.1' ],
45 silly audit   'electron-to-chromium': [ '1.5.401' ],
45 silly audit   'emoji-regex': [ '9.2.2' ],
45 silly audit   'enhanced-resolve': [ '5.24.5' ],
45 silly audit   'es-abstract': [ '1.24.2' ],
45 silly audit   'es-abstract-get': [ '1.0.0' ],
45 silly audit   'es-define-property': [ '1.0.1' ],
45 silly audit   'es-errors': [ '1.3.0' ],
45 silly audit   'es-iterator-helpers': [ '1.4.0' ],
45 silly audit   'es-object-atoms': [ '1.1.2' ],
45 silly audit   'es-set-tostringtag': [ '2.1.0' ],
45 silly audit   'es-shim-unscopables': [ '1.1.0' ],
45 silly audit   'es-to-primitive': [ '1.3.4' ],
45 silly audit   escalade: [ '3.2.0' ],
45 silly audit   'escape-string-regexp': [ '4.0.0' ],
45 silly audit   eslint: [ '9.39.5' ],
45 silly audit   'eslint-config-next': [ '16.3.0' ],
45 silly audit   globals: [ '16.4.0', '14.0.0' ],
45 silly audit   'eslint-import-resolver-node': [ '0.3.10' ],
45 silly audit   'eslint-import-resolver-typescript': [ '3.10.1' ],
45 silly audit   'eslint-module-utils': [ '2.14.0' ],
45 silly audit   'eslint-plugin-import': [ '2.32.0' ],
45 silly audit   'eslint-plugin-jsx-a11y': [ '6.10.2' ],
45 silly audit   'eslint-plugin-react': [ '7.37.5' ],
45 silly audit   'eslint-plugin-react-hooks': [ '7.1.1' ],
45 silly audit   'eslint-scope': [ '8.4.0' ],
45 silly audit   espree: [ '10.4.0' ],
45 silly audit   esquery: [ '1.7.0' ],
45 silly audit   esrecurse: [ '4.3.0' ],
45 silly audit   estraverse: [ '5.3.0' ],
45 silly audit   esutils: [ '2.0.3' ],
45 silly audit   'fast-deep-equal': [ '3.1.3' ],
45 silly audit   'fast-glob': [ '3.3.1' ],
45 silly audit   'glob-parent': [ '5.1.2', '6.0.2' ],
45 silly audit   'fast-json-stable-stringify': [ '2.1.0' ],
45 silly audit   'fast-levenshtein': [ '2.0.6' ],
45 silly audit   fastq: [ '1.20.1' ],
45 silly audit   'file-entry-cache': [ '8.0.0' ],
45 silly audit   'fill-range': [ '7.1.1' ],
45 silly audit   'find-up': [ '5.0.0' ],
45 silly audit   'flat-cache': [ '4.0.1' ],
45 silly audit   flatted: [ '3.4.4' ],
45 silly audit   'for-each': [ '0.3.5' ],
45 silly audit   'framer-motion': [ '13.0.0' ],
45 silly audit   'function-bind': [ '1.1.2' ],
45 silly audit   'function.prototype.name': [ '1.2.0' ],
45 silly audit   'functions-have-names': [ '1.2.3' ],
45 silly audit   'generator-function': [ '2.0.1' ],
45 silly audit   gensync: [ '1.0.0-beta.2' ],
45 silly audit   'get-intrinsic': [ '1.3.0' ],
45 silly audit   'get-proto': [ '1.0.1' ],
45 silly audit   'get-symbol-description': [ '1.1.0' ],
45 silly audit   'get-tsconfig': [ '4.14.1' ],
45 silly audit   globalthis: [ '1.0.4' ],
45 silly audit   gopd: [ '1.2.0' ],
45 silly audit   'graceful-fs': [ '4.2.11' ],
45 silly audit   gsap: [ '3.15.0' ],
45 silly audit   'has-bigints': [ '1.1.0' ],
45 silly audit   'has-flag': [ '4.0.0' ],
45 silly audit   'has-property-descriptors': [ '1.0.2' ],
45 silly audit   'has-proto': [ '1.2.0' ],
45 silly audit   'has-symbols': [ '1.1.0' ],
45 silly audit   'has-tostringtag': [ '1.0.2' ],
45 silly audit   hasown: [ '2.0.4' ],
45 silly audit   'hermes-estree': [ '0.25.1' ],
45 silly audit   'hermes-parser': [ '0.25.1' ],
45 silly audit   ieee754: [ '1.2.1' ],
45 silly audit   'import-fresh': [ '3.3.1' ],
45 silly audit   imurmurhash: [ '0.1.4' ],
45 silly audit   'internal-slot': [ '1.1.0' ],
45 silly audit   'is-array-buffer': [ '3.0.5' ],
45 silly audit   'is-async-function': [ '2.1.1' ],
45 silly audit   'is-bigint': [ '1.1.0' ],
45 silly audit   'is-boolean-object': [ '1.2.2' ],
45 silly audit   'is-bun-module': [ '2.0.0' ],
45 silly audit   'is-callable': [ '1.2.7' ],
45 silly audit   'is-core-module': [ '2.16.2' ],
45 silly audit   'is-data-view': [ '1.0.2' ],
45 silly audit   'is-date-object': [ '1.1.0' ],
45 silly audit   'is-document.all': [ '1.0.0' ],
45 silly audit   'is-extglob': [ '2.1.1' ],
45 silly audit   'is-finalizationregistry': [ '1.1.1' ],
45 silly audit   'is-generator-function': [ '1.1.2' ],
45 silly audit   'is-glob': [ '4.0.3' ],
45 silly audit   'is-map': [ '2.0.3' ],
45 silly audit   'is-negative-zero': [ '2.0.3' ],
45 silly audit   'is-number': [ '7.0.0' ],
45 silly audit   'is-number-object': [ '1.1.1' ],
45 silly audit   'is-regex': [ '1.2.1' ],
45 silly audit   'is-set': [ '2.0.3' ],
45 silly audit   'is-shared-array-buffer': [ '1.0.4' ],
45 silly audit   'is-string': [ '1.1.1' ],
45 silly audit   'is-symbol': [ '1.1.1' ],
45 silly audit   'is-typed-array': [ '1.1.15' ],
45 silly audit   'is-weakmap': [ '2.0.2' ],
45 silly audit   'is-weakref': [ '1.1.1' ],
45 silly audit   'is-weakset': [ '2.0.4' ],
45 silly audit   isarray: [ '2.0.5' ],
45 silly audit   isexe: [ '2.0.0' ],
45 silly audit   'iterator.prototype': [ '1.1.5' ],
45 silly audit   'its-fine': [ '2.0.0' ],
45 silly audit   jiti: [ '2.7.0' ],
45 silly audit   'js-tokens': [ '4.0.0' ],
45 silly audit   'js-yaml': [ '4.3.1' ],
45 silly audit   jsesc: [ '3.1.0' ],
45 silly audit   'json-buffer': [ '3.0.1' ],
45 silly audit   'json-schema-traverse': [ '0.4.1' ],
45 silly audit   'json-stable-stringify-without-jsonify': [ '1.0.1' ],
45 silly audit   json5: [ '2.2.3', '1.0.2' ],
45 silly audit   'jsx-ast-utils': [ '3.3.5' ],
45 silly audit   keyv: [ '4.5.4' ],
45 silly audit   'language-subtag-registry': [ '0.3.23' ],
45 silly audit   'language-tags': [ '1.0.9' ],
45 silly audit   lenis: [ '1.3.26' ],
45 silly audit   levn: [ '0.4.1' ],
45 silly audit   lightningcss: [ '1.32.0' ],
45 silly audit   'lightningcss-android-arm64': [ '1.32.0' ],
45 silly audit   'lightningcss-darwin-arm64': [ '1.32.0' ],
45 silly audit   'lightningcss-darwin-x64': [ '1.32.0' ],
45 silly audit   'lightningcss-freebsd-x64': [ '1.32.0' ],
45 silly audit   'lightningcss-linux-arm-gnueabihf': [ '1.32.0' ],
45 silly audit   'lightningcss-linux-arm64-gnu': [ '1.32.0' ],
45 silly audit   'lightningcss-linux-arm64-musl': [ '1.32.0' ],
45 silly audit   'lightningcss-linux-x64-gnu': [ '1.32.0' ],
45 silly audit   'lightningcss-linux-x64-musl': [ '1.32.0' ],
45 silly audit   'lightningcss-win32-arm64-msvc': [ '1.32.0' ],
45 silly audit   'lightningcss-win32-x64-msvc': [ '1.32.0' ],
45 silly audit   'locate-path': [ '6.0.0' ],
45 silly audit   'lodash.merge': [ '4.6.2' ],
45 silly audit   'loose-envify': [ '1.4.0' ],
45 silly audit   'lru-cache': [ '5.1.1' ],
45 silly audit   'lucide-react': [ '1.28.0' ],
45 silly audit   'magic-string': [ '0.30.21' ],
45 silly audit   'math-intrinsics': [ '1.1.0' ],
45 silly audit   merge2: [ '1.4.1' ],
45 silly audit   micromatch: [ '4.0.8' ],
45 silly audit   minimist: [ '1.2.8' ],
45 silly audit   'motion-dom': [ '13.0.0' ],
45 silly audit   'motion-utils': [ '13.0.0' ],
45 silly audit   ms: [ '2.1.3' ],
45 silly audit   nanoid: [ '3.3.17' ],
45 silly audit   'napi-postinstall': [ '0.3.4' ],
45 silly audit   'natural-compare': [ '1.4.0' ],
45 silly audit   next: [ '16.3.0' ],
45 silly audit   postcss: [ '8.5.23', '8.5.25' ],
45 silly audit   'node-exports-info': [ '1.6.2' ],
45 silly audit   'node-releases': [ '2.0.52' ],
45 silly audit   'object-assign': [ '4.1.1' ],
45 silly audit   'object-inspect': [ '1.13.4' ],
45 silly audit   'object-keys': [ '1.1.1' ],
45 silly audit   'object.assign': [ '4.1.7' ],
45 silly audit   'object.entries': [ '1.1.9' ],
45 silly audit   'object.fromentries': [ '2.0.8' ],
45 silly audit   'object.groupby': [ '1.0.3' ],
45 silly audit   'object.values': [ '1.2.1' ],
45 silly audit   optionator: [ '0.9.4' ],
45 silly audit   'own-keys': [ '1.0.2' ],
45 silly audit   'p-limit': [ '3.1.0' ],
45 silly audit   'p-locate': [ '5.0.0' ],
45 silly audit   'parent-module': [ '1.0.1' ],
45 silly audit   'path-exists': [ '4.0.0' ],
45 silly audit   'path-key': [ '3.1.1' ],
45 silly audit   'path-parse': [ '1.0.7' ],
45 silly audit   picocolors: [ '1.1.1' ],
45 silly audit   picomatch: [ '2.3.2', '4.0.5' ],
45 silly audit   'possible-typed-array-names': [ '1.1.0' ],
45 silly audit   'prelude-ls': [ '1.2.1' ],
45 silly audit   'prop-types': [ '15.8.1' ],
45 silly audit   punycode: [ '2.3.1' ],
45 silly audit   'queue-microtask': [ '1.2.3' ],
45 silly audit   react: [ '19.2.8' ],
45 silly audit   'react-dom': [ '19.2.8' ],
45 silly audit   'react-is': [ '16.13.1' ],
45 silly audit   'react-use-measure': [ '2.1.7' ],
45 silly audit   'reflect.getprototypeof': [ '1.0.10' ],
45 silly audit   'regexp.prototype.flags': [ '1.5.4' ],
45 silly audit   resolve: [ '2.0.0-next.7' ],
45 silly audit   'resolve-from': [ '4.0.0' ],
45 silly audit   'resolve-pkg-maps': [ '1.0.0' ],
45 silly audit   reusify: [ '1.1.0' ],
45 silly audit   'run-parallel': [ '1.2.0' ],
45 silly audit   'safe-array-concat': [ '1.1.4' ],
45 silly audit   'safe-push-apply': [ '1.0.0' ],
45 silly audit   'safe-regex-test': [ '1.1.0' ],
45 silly audit   scheduler: [ '0.27.0' ],
45 silly audit   'set-function-length': [ '1.2.2' ],
45 silly audit   'set-function-name': [ '2.0.2' ],
45 silly audit   'set-proto': [ '1.0.0' ],
45 silly audit   sharp: [ '0.35.3' ],
45 silly audit   'shebang-command': [ '2.0.0' ],
45 silly audit   'shebang-regex': [ '3.0.0' ],
45 silly audit   'side-channel': [ '1.1.1' ],
45 silly audit   'side-channel-list': [ '1.0.1' ],
45 silly audit   'side-channel-map': [ '1.0.1' ],
45 silly audit   'side-channel-weakmap': [ '1.0.2' ],
45 silly audit   'source-map-js': [ '1.2.1' ],
45 silly audit   'stable-hash': [ '0.0.5' ],
45 silly audit   'stop-iteration-iterator': [ '1.1.0' ],
45 silly audit   'string.prototype.includes': [ '2.0.1' ],
45 silly audit   'string.prototype.matchall': [ '4.0.12' ],
45 silly audit   'string.prototype.repeat': [ '1.0.0' ],
45 silly audit   'string.prototype.trim': [ '1.2.11' ],
45 silly audit   'string.prototype.trimend': [ '1.0.10' ],
45 silly audit   'string.prototype.trimstart': [ '1.0.8' ],
45 silly audit   'strip-bom': [ '3.0.0' ],
45 silly audit   'strip-json-comments': [ '3.1.1' ],
45 silly audit   'styled-jsx': [ '5.1.6' ],
45 silly audit   'supports-color': [ '7.2.0' ],
45 silly audit   'supports-preserve-symlinks-flag': [ '1.0.0' ],
45 silly audit   'suspend-react': [ '0.1.3' ],
45 silly audit   swiper: [ '14.0.7' ],
45 silly audit   'tailwind-merge': [ '3.6.0' ],
45 silly audit   tailwindcss: [ '4.3.3' ],
45 silly audit   tapable: [ '2.3.3' ],
45 silly audit   three: [ '0.185.1' ],
45 silly audit   tinyglobby: [ '0.2.17' ],
45 silly audit   fdir: [ '6.5.0' ],
45 silly audit   'to-regex-range': [ '5.0.1' ],
45 silly audit   'ts-api-utils': [ '2.5.0' ],
45 silly audit   'tsconfig-paths': [ '3.15.0' ],
45 silly audit   tslib: [ '2.8.1' ],
45 silly audit   'type-check': [ '0.4.0' ],
45 silly audit   'typed-array-buffer': [ '1.0.3' ],
45 silly audit   'typed-array-byte-length': [ '1.0.3' ],
45 silly audit   'typed-array-byte-offset': [ '1.0.4' ],
45 silly audit   'typed-array-length': [ '1.0.8' ],
45 silly audit   typescript: [ '5.9.3' ],
45 silly audit   'typescript-eslint': [ '8.66.0' ],
45 silly audit   'unbox-primitive': [ '1.1.0' ],
45 silly audit   'undici-types': [ '6.21.0' ],
45 silly audit   'unrs-resolver': [ '1.12.2' ],
45 silly audit   'update-browserslist-db': [ '1.2.3' ],
45 silly audit   'uri-js': [ '4.4.1' ],
45 silly audit   'use-sync-external-store': [ '1.6.0' ],
45 silly audit   which: [ '2.0.2' ],
45 silly audit   'which-boxed-primitive': [ '1.1.1' ],
45 silly audit   'which-builtin-type': [ '1.2.1' ],
45 silly audit   'which-collection': [ '1.0.2' ],
45 silly audit   'which-typed-array': [ '1.1.22' ],
45 silly audit   'word-wrap': [ '1.2.5' ],
45 silly audit   yallist: [ '3.1.1' ],
45 silly audit   'yocto-queue': [ '0.1.0' ],
45 silly audit   zod: [ '4.4.3' ],
45 silly audit   'zod-validation-error': [ '4.0.2' ],
45 silly audit   zustand: [ '5.0.14' ],
45 silly audit   '@types/three': [ '0.185.4' ],
45 silly audit   '@dimforge/rapier3d-compat': [ '0.12.0' ],
45 silly audit   '@tweenjs/tween.js': [ '23.1.3' ],
45 silly audit   '@types/stats.js': [ '0.17.4' ],
45 silly audit   fflate: [ '0.8.3' ],
45 silly audit   meshoptimizer: [ '1.1.1' ]
45 silly audit }
46 http cache fflate@https://registry.npmjs.org/fflate/-/fflate-0.8.3.tgz 1ms (cache hit)
47 http cache meshoptimizer@https://registry.npmjs.org/meshoptimizer/-/meshoptimizer-1.1.1.tgz 0ms (cache hit)
48 http cache @tweenjs/tween.js@https://registry.npmjs.org/@tweenjs/tween.js/-/tween.js-23.1.3.tgz 0ms (cache hit)
49 http cache @types/stats.js@https://registry.npmjs.org/@types/stats.js/-/stats.js-0.17.4.tgz 0ms (cache hit)
50 silly tarball no local data for fflate@https://registry.npmjs.org/fflate/-/fflate-0.8.3.tgz. Extracting by manifest.
51 http cache @types/three@https://registry.npmjs.org/@types/three/-/three-0.185.4.tgz 0ms (cache hit)
52 http cache @dimforge/rapier3d-compat@https://registry.npmjs.org/@dimforge/rapier3d-compat/-/rapier3d-compat-0.12.0.tgz 0ms (cache hit)
53 silly tarball no local data for meshoptimizer@https://registry.npmjs.org/meshoptimizer/-/meshoptimizer-1.1.1.tgz. Extracting by manifest.
54 silly tarball no local data for @tweenjs/tween.js@https://registry.npmjs.org/@tweenjs/tween.js/-/tween.js-23.1.3.tgz. Extracting by manifest.
55 silly tarball no local data for @types/stats.js@https://registry.npmjs.org/@types/stats.js/-/stats.js-0.17.4.tgz. Extracting by manifest.
56 silly tarball no local data for @types/three@https://registry.npmjs.org/@types/three/-/three-0.185.4.tgz. Extracting by manifest.
57 silly tarball no local data for @dimforge/rapier3d-compat@https://registry.npmjs.org/@dimforge/rapier3d-compat/-/rapier3d-compat-0.12.0.tgz. Extracting by manifest.
58 http fetch GET 200 https://registry.npmjs.org/meshoptimizer/-/meshoptimizer-1.1.1.tgz 1573ms (cache miss)
59 http fetch POST 200 https://registry.npmjs.org/-/npm/v1/security/advisories/bulk 1620ms
60 silly audit report {}
61 http fetch GET 200 https://registry.npmjs.org/@types/stats.js/-/stats.js-0.17.4.tgz 1607ms (cache miss)
62 http fetch GET 200 https://registry.npmjs.org/@tweenjs/tween.js/-/tween.js-23.1.3.tgz 1655ms (cache miss)
63 http fetch GET 200 https://registry.npmjs.org/fflate/-/fflate-0.8.3.tgz 1679ms (cache miss)
64 http fetch GET 200 https://registry.npmjs.org/@dimforge/rapier3d-compat/-/rapier3d-compat-0.12.0.tgz 3030ms (cache miss)
65 http fetch GET 200 https://registry.npmjs.org/@types/three/-/three-0.185.4.tgz 4896ms (cache miss)
66 silly ADD node_modules/meshoptimizer
67 silly ADD node_modules/fflate
68 silly ADD node_modules/@types/stats.js
69 silly ADD node_modules/@tweenjs/tween.js
70 silly ADD node_modules/@dimforge/rapier3d-compat
71 silly ADD node_modules/@types/three
72 verbose cwd D:\APPLICATION-JPS
73 verbose os Windows_NT 10.0.26200
74 verbose node v20.19.4
75 verbose npm  v11.14.1
76 verbose exit 0
77 info ok
