0 verbose cli F:\Node js\node.exe C:\Users\prane\AppData\Roaming\npm\node_modules\npm\bin\npm-cli.js
1 info using npm@11.14.1
2 info using node@v20.19.4
3 silly config load:file:C:\Users\prane\AppData\Roaming\npm\node_modules\npm\npmrc
4 silly config load:file:D:\APPLICATION-JPS\.npmrc
5 silly config load:file:C:\Users\prane\.npmrc
6 silly config load:file:C:\Users\prane\AppData\Roaming\npm\etc\npmrc
7 verbose title npm exec create-next-app@latest ./ --typescript --tailwind --eslint --app --src-dir --import-alias @/* --use-npm
8 verbose argv "exec" "--yes" "--" "create-next-app@latest" "./" "--typescript" "--tailwind" "--eslint" "--app" "--src-dir" "--import-alias" "@/*" "--use-npm"
9 verbose logfile logs-max:10 dir:d:\APPLICATION-JPS\.npm-cache\_logs\2026-08-05T16_47_55_632Z-
10 verbose logfile d:\APPLICATION-JPS\.npm-cache\_logs\2026-08-05T16_47_55_632Z-debug-0.log
11 silly logfile done cleaning log files
12 silly packumentCache heap:2197815296 maxSize:549453824 maxEntrySize:274726912
13 http fetch GET 200 https://registry.npmjs.org/npm 892ms
14 http fetch GET 200 https://registry.npmjs.org/create-next-app 1628ms (cache miss)
15 silly packumentCache heap:2197815296 maxSize:549453824 maxEntrySize:274726912
16 silly packumentCache heap:2197815296 maxSize:549453824 maxEntrySize:274726912
17 silly idealTree buildDeps
18 silly fetch manifest create-next-app@16.3.0
19 silly packumentCache full:https://registry.npmjs.org/create-next-app cache-miss
20 http fetch GET 200 https://registry.npmjs.org/create-next-app 1511ms (cache miss)
21 silly packumentCache full:https://registry.npmjs.org/create-next-app set size:undefined disposed:false
22 silly placeDep ROOT create-next-app@16.3.0 OK for:  want: 16.3.0
23 silly reify moves {}
24 silly audit bulk request { 'create-next-app': [ '16.3.0' ] }
25 http cache create-next-app@https://registry.npmjs.org/create-next-app/-/create-next-app-16.3.0.tgz 0ms (cache hit)
26 silly tarball no local data for create-next-app@https://registry.npmjs.org/create-next-app/-/create-next-app-16.3.0.tgz. Extracting by manifest.
27 http fetch POST 200 https://registry.npmjs.org/-/npm/v1/security/advisories/bulk 307ms
28 silly audit report {}
29 http fetch GET 200 https://registry.npmjs.org/create-next-app/-/create-next-app-16.3.0.tgz 1198ms (cache miss)
30 verbose cwd D:\APPLICATION-JPS
31 verbose os Windows_NT 10.0.26200
32 verbose node v20.19.4
33 verbose npm  v11.14.1
34 notice
34 notice New minor version of npm available! 11.14.1 -> 11.19.0
34 notice Changelog: https://github.com/npm/cli/releases/tag/v11.19.0
34 notice To update run: npm install -g npm@11.19.0
34 notice  { force: true, [Symbol(proc-log.meta)]: true }
35 verbose exit 1
36 verbose code 1
